 spispring

 Timestamp is 3ff837a3 (Sun Jan 04 16:56:19 2004)

 Preferred load address is 00400000

 Start         Length     Name                   Class
 0001:00000000 0006915bH .text                   CODE
 0001:00069160 00003f8cH .text$x                 CODE
 0002:00000000 0000039cH .idata$5                DATA
 0002:000003a0 00002620H .rdata                  DATA
 0002:000029c0 00001bb4H .rdata$r                DATA
 0002:00004578 00004d98H .xdata$x                DATA
 0002:00009310 00000078H .idata$2                DATA
 0002:00009388 00000014H .idata$3                DATA
 0002:0000939c 0000039cH .idata$4                DATA
 0002:00009738 00000edcH .idata$6                DATA
 0002:0000a614 00000000H .edata                  DATA
 0003:00000000 00000004H .CRT$XCA                DATA
 0003:00000004 00000150H .CRT$XCU                DATA
 0003:00000154 00000004H .CRT$XCZ                DATA
 0003:00000158 00000004H .CRT$XIA                DATA
 0003:0000015c 00000010H .CRT$XIC                DATA
 0003:0000016c 00000004H .CRT$XIY                DATA
 0003:00000170 00000004H .CRT$XIZ                DATA
 0003:00000174 00000004H .CRT$XPA                DATA
 0003:00000178 00000008H .CRT$XPX                DATA
 0003:00000180 00000004H .CRT$XPZ                DATA
 0003:00000184 00000004H .CRT$XTA                DATA
 0003:00000188 00000004H .CRT$XTB                DATA
 0003:0000018c 00000004H .CRT$XTZ                DATA
 0003:00000190 00008421H .data                   DATA
 0003:000085b8 0003a140H .bss                    DATA

  Address         Publics by Value              Rva+Base     Lib:Object

 0001:00000000       ??0C3DOParser@@QAE@XZ      00401000 f   3DOParser.obj
 0001:000000a0       ??_GC3DOParser@@UAEPAXI@Z  004010a0 f i 3DOParser.obj
 0001:000000a0       ??_EC3DOParser@@UAEPAXI@Z  004010a0 f i 3DOParser.obj
 0001:000000c0       ??1C3DOParser@@UAE@XZ      004010c0 f   3DOParser.obj
 0001:00000250       ??1?$map@V?$basic_string@DU?$char_traits@D@std@@V?$allocator@D@2@@std@@PAUS3DO@@U?$less@V?$basic_string@DU?$char_traits@D@std@@V?$allocator@D@2@@std@@@2@V?$allocator@PAUS3DO@@@2@@std@@QAE@XZ 00401250 f i 3DOParser.obj
 0001:00000310       ?DeleteS3DO@C3DOParser@@QAEHPAUS3DO@@@Z 00401310 f   3DOParser.obj
 0001:00000350       ?Load3DO@C3DOParser@@QAEPAUS3DO@@PBDMH@Z 00401350 f   3DOParser.obj
 0001:00000800       ?GetVertexes@C3DOParser@@AAEHPAU_3DObject@1@PAUS3DO@@@Z 00401800 f   3DOParser.obj
 0001:00000920       ??1SVertex@@QAE@XZ         00401920 f i 3DOParser.obj
 0001:00000950       ?GetPrimitives@C3DOParser@@AAEHPAUS3DO@@HHPAV?$vector@Vfloat3@@V?$allocator@Vfloat3@@@std@@@std@@HH@Z 00401950 f   3DOParser.obj
 0001:00001140       ??1?$map@HHU?$less@H@std@@V?$allocator@H@2@@std@@QAE@XZ 00402140 f i 3DOParser.obj
 0001:00001200       ??1SPrimitive@@QAE@XZ      00402200 f i 3DOParser.obj
 0001:00001230       ?CalcNormals@C3DOParser@@QAEXPAUS3DO@@@Z 00402230 f   3DOParser.obj
 0001:00001330       ?GetText@C3DOParser@@AAE?AV?$basic_string@DU?$char_traits@D@std@@V?$allocator@D@2@@std@@H@Z 00402330 f   3DOParser.obj
 0001:00001440       ?ReadChild@C3DOParser@@AAE_NHPAUS3DO@@H@Z 00402440 f   3DOParser.obj
 0001:00001740       ??1S3DO@@QAE@XZ            00402740 f i 3DOParser.obj
 0001:00001820       ?DrawSub@C3DOParser@@AAEHPAUS3DO@@@Z 00402820 f   3DOParser.obj
 0001:00001c70       ?CreateLists@C3DOParser@@QAEHPAUS3DO@@@Z 00402c70 f   3DOParser.obj
 0001:00001ce0       ?SimStreamRead@C3DOParser@@AAEXPAXH@Z 00402ce0 f   3DOParser.obj
 0001:00001d20       ?FindSize@C3DOParser@@QAEMPAUS3DO@@Vfloat3@@@Z 00402d20 f   3DOParser.obj
 0001:00001e30       ??0?$basic_string@DU?$char_traits@D@std@@V?$allocator@D@2@@std@@QAE@ABV01@@Z 00402e30 f i 3DOParser.obj
 0001:00001f50       ??0?$basic_string@DU?$char_traits@D@std@@V?$allocator@D@2@@std@@QAE@PBDABV?$allocator@D@1@@Z 00402f50 f i 3DOParser.obj
 0001:00002010       ??1?$basic_string@DU?$char_traits@D@std@@V?$allocator@D@2@@std@@QAE@XZ 00403010 f i 3DOParser.obj
 0001:00002050       ??0?$vector@HV?$allocator@H@std@@@std@@QAE@ABV?$allocator@H@1@@Z 00403050 f i 3DOParser.obj
 0001:00002070       ??1?$vector@HV?$allocator@H@std@@@std@@QAE@XZ 00403070 f i 3DOParser.obj
 0001:000020a0       ??4?$vector@HV?$allocator@H@std@@@std@@QAEAAV01@ABV01@@Z 004030a0 f i 3DOParser.obj
 0001:00002230       ??1?$vector@US3DO@@V?$allocator@US3DO@@@std@@@std@@QAE@XZ 00403230 f i 3DOParser.obj
 0001:00002270       ??0?$vector@USPrimitive@@V?$allocator@USPrimitive@@@std@@@std@@QAE@ABV?$allocator@USPrimitive@@@1@@Z 00403270 f i 3DOParser.obj
 0001:00002290       ??1?$vector@USPrimitive@@V?$allocator@USPrimitive@@@std@@@std@@QAE@XZ 00403290 f i 3DOParser.obj
 0001:000022d0       ??0?$vector@USVertex@@V?$allocator@USVertex@@@std@@@std@@QAE@ABV?$allocator@USVertex@@@1@@Z 004032d0 f i 3DOParser.obj
 0001:000022f0       ??1?$vector@Vfloat3@@V?$allocator@Vfloat3@@@std@@@std@@QAE@XZ 004032f0 f i 3DOParser.obj
 0001:00002320       ??1?$_Tree@HU?$pair@$$CBHH@std@@U_Kfn@?$map@HHU?$less@H@std@@V?$allocator@H@2@@2@U?$less@H@2@V?$allocator@H@2@@std@@QAE@XZ 00403320 f i 3DOParser.obj
 0001:000023d0       ??0?$list@HV?$allocator@H@std@@@std@@QAE@ABV?$allocator@H@1@@Z 004033d0 f i 3DOParser.obj
 0001:00002400       ??1?$list@HV?$allocator@H@std@@@std@@QAE@XZ 00403400 f i 3DOParser.obj
 0001:00002450       ?begin@?$list@HV?$allocator@H@std@@@std@@QAE?AViterator@12@XZ 00403450 f i 3DOParser.obj
 0001:00002460       ??1?$pair@$$CBV?$basic_string@DU?$char_traits@D@std@@V?$allocator@D@2@@std@@PAUS3DO@@@std@@QAE@XZ 00403460 f i 3DOParser.obj
 0001:000024a0       ??_F?$list@HV?$allocator@H@std@@@std@@QAEXXZ 004034a0 f i 3DOParser.obj
 0001:000024d0       ?append@?$basic_string@DU?$char_traits@D@std@@V?$allocator@D@2@@std@@QAEAAV12@ID@Z 004034d0 f i 3DOParser.obj
 0001:000025a0       ?assign@?$basic_string@DU?$char_traits@D@std@@V?$allocator@D@2@@std@@QAEAAV12@ABV12@II@Z 004035a0 f i 3DOParser.obj
 0001:000027a0       ?find@?$basic_string@DU?$char_traits@D@std@@V?$allocator@D@2@@std@@QBEIPBDII@Z 004037a0 f i 3DOParser.obj
 0001:00002830       ?_Tidy@?$basic_string@DU?$char_traits@D@std@@V?$allocator@D@2@@std@@AAEX_N@Z 00403830 f i 3DOParser.obj
 0001:00002880       ??1float3@@QAE@XZ          00403880 f i 3DOParser.obj
 0001:00002890       ??Hfloat3@@QBE?AV0@ABV0@@Z 00403890 f i 3DOParser.obj
 0001:000028c0       ??Yfloat3@@QAEXABV0@@Z     004038c0 f i 3DOParser.obj
 0001:000028e0       ??Gfloat3@@QBE?AV0@ABV0@@Z 004038e0 f i 3DOParser.obj
 0001:00002910       ??Gfloat3@@QBE?AV0@XZ      00403910 f i 3DOParser.obj
 0001:00002940       ?cross@float3@@QBE?AV1@ABV1@@Z 00403940 f i 3DOParser.obj
 0001:000029b0       ?insert@?$vector@HV?$allocator@H@std@@@std@@QAEPAHPAHABH@Z 004039b0 f i 3DOParser.obj
 0001:00002b50       ?size@?$vector@HV?$allocator@H@std@@@std@@QBEIXZ 00403b50 f i 3DOParser.obj
 0001:00002b70       ?_Destroy@?$vector@HV?$allocator@H@std@@@std@@IAEXPAH0@Z 00403b70 f i 3DOParser.obj
 0001:00002b80       ?_Ucopy@?$vector@HV?$allocator@H@std@@@std@@IAEPAHPBH0PAH@Z 00403b80 f i 3DOParser.obj
 0001:00002bb0       ?Normalize@float3@@QAEXXZ  00403bb0 f i 3DOParser.obj
 0001:00002c00       ?_Destroy@?$vector@US3DO@@V?$allocator@US3DO@@@std@@@std@@IAEXPAUS3DO@@0@Z 00403c00 f i 3DOParser.obj
 0001:00002c30       ?insert@?$vector@USPrimitive@@V?$allocator@USPrimitive@@@std@@@std@@QAEPAUSPrimitive@@PAU3@ABU3@@Z 00403c30 f i 3DOParser.obj
 0001:00002e30       ?size@?$vector@USPrimitive@@V?$allocator@USPrimitive@@@std@@@std@@QBEIXZ 00403e30 f i 3DOParser.obj
 0001:00002e60       ?_Destroy@?$vector@USPrimitive@@V?$allocator@USPrimitive@@@std@@@std@@IAEXPAUSPrimitive@@0@Z 00403e60 f i 3DOParser.obj
 0001:00002ef0       ?_Destroy@?$vector@USVertex@@V?$allocator@USVertex@@@std@@@std@@IAEXPAUSVertex@@0@Z 00403ef0 f i 3DOParser.obj
 0001:00002f20       ?insert@?$map@V?$basic_string@DU?$char_traits@D@std@@V?$allocator@D@2@@std@@PAUS3DO@@U?$less@V?$basic_string@DU?$char_traits@D@std@@V?$allocator@D@2@@std@@@2@V?$allocator@PAUS3DO@@@2@@std@@QAE?AU?$pair@Viterator@?$_Tree@V?$basic_string@DU?$char_traits@D@std@@V?$allocator@D@2@@std@@U?$pair@$$CBV?$basic_string@DU?$char_traits@D@std@@V?$allocator@D@2@@std@@PAUS3DO@@@2@U_Kfn@?$map@V?$basic_string@DU?$char_traits@D@std@@V?$allocator@D@2@@std@@PAUS3DO@@U?$less@V?$basic_string@DU?$char_traits@D@std@@V?$allocator@D@2@@std@@@2@V?$allocator@PAUS3DO@@@2@@2@U?$less@V?$basic_string@DU?$char_traits@D@std@@V?$allocator@D@2@@std@@@2@V?$allocator@PAUS3DO@@@2@@std@@_N@2@ABU?$pair@$$CBV?$basic_string@DU?$char_traits@D@std@@V?$allocator@D@2@@std@@PAUS3DO@@@2@@Z 00403f20 f i 3DOParser.obj
 0001:00003020       ?begin@?$_Tree@V?$basic_string@DU?$char_traits@D@std@@V?$allocator@D@2@@std@@U?$pair@$$CBV?$basic_string@DU?$char_traits@D@std@@V?$allocator@D@2@@std@@PAUS3DO@@@2@U_Kfn@?$map@V?$basic_string@DU?$char_traits@D@std@@V?$allocator@D@2@@std@@PAUS3DO@@U?$less@V?$basic_string@DU?$char_traits@D@std@@V?$allocator@D@2@@std@@@2@V?$allocator@PAUS3DO@@@2@@2@U?$less@V?$basic_string@DU?$char_traits@D@std@@V?$allocator@D@2@@std@@@2@V?$allocator@PAUS3DO@@@2@@std@@QAE?AViterator@12@XZ 00404020 f i 3DOParser.obj
 0001:00003030       ?erase@?$_Tree@V?$basic_string@DU?$char_traits@D@std@@V?$allocator@D@2@@std@@U?$pair@$$CBV?$basic_string@DU?$char_traits@D@std@@V?$allocator@D@2@@std@@PAUS3DO@@@2@U_Kfn@?$map@V?$basic_string@DU?$char_traits@D@std@@V?$allocator@D@2@@std@@PAUS3DO@@U?$less@V?$basic_string@DU?$char_traits@D@std@@V?$allocator@D@2@@std@@@2@V?$allocator@PAUS3DO@@@2@@2@U?$less@V?$basic_string@DU?$char_traits@D@std@@V?$allocator@D@2@@std@@@2@V?$allocator@PAUS3DO@@@2@@std@@QAE?AViterator@12@V312@0@Z 00404030 f i 3DOParser.obj
 0001:00003110       ?find@?$_Tree@V?$basic_string@DU?$char_traits@D@std@@V?$allocator@D@2@@std@@U?$pair@$$CBV?$basic_string@DU?$char_traits@D@std@@V?$allocator@D@2@@std@@PAUS3DO@@@2@U_Kfn@?$map@V?$basic_string@DU?$char_traits@D@std@@V?$allocator@D@2@@std@@PAUS3DO@@U?$less@V?$basic_string@DU?$char_traits@D@std@@V?$allocator@D@2@@std@@@2@V?$allocator@PAUS3DO@@@2@@2@U?$less@V?$basic_string@DU?$char_traits@D@std@@V?$allocator@D@2@@std@@@2@V?$allocator@PAUS3DO@@@2@@std@@QAE?AViterator@12@ABV?$basic_string@DU?$char_traits@D@std@@V?$allocator@D@2@@2@@Z 00404110 f i 3DOParser.obj
 0001:000031c0       ?_Inc@const_iterator@?$_Tree@V?$basic_string@DU?$char_traits@D@std@@V?$allocator@D@2@@std@@U?$pair@$$CBV?$basic_string@DU?$char_traits@D@std@@V?$allocator@D@2@@std@@PAUS3DO@@@2@U_Kfn@?$map@V?$basic_string@DU?$char_traits@D@std@@V?$allocator@D@2@@std@@PAUS3DO@@U?$less@V?$basic_string@DU?$char_traits@D@std@@V?$allocator@D@2@@std@@@2@V?$allocator@PAUS3DO@@@2@@2@U?$less@V?$basic_string@DU?$char_traits@D@std@@V?$allocator@D@2@@std@@@2@V?$allocator@PAUS3DO@@@2@@std@@QAEXXZ 004041c0 f i 3DOParser.obj
 0001:00003210       ?insert@?$map@HHU?$less@H@std@@V?$allocator@H@2@@std@@QAE?AU?$pair@Viterator@?$_Tree@HU?$pair@$$CBHH@std@@U_Kfn@?$map@HHU?$less@H@std@@V?$allocator@H@2@@2@U?$less@H@2@V?$allocator@H@2@@std@@_N@2@ABU?$pair@$$CBHH@2@@Z 00404210 f i 3DOParser.obj
 0001:00003300       ??0?$_Tree@HU?$pair@$$CBHH@std@@U_Kfn@?$map@HHU?$less@H@std@@V?$allocator@H@2@@2@U?$less@H@2@V?$allocator@H@2@@std@@QAE@ABU?$less@H@1@_NABV?$allocator@H@1@@Z 00404300 f i 3DOParser.obj
 0001:00003330       ?begin@?$_Tree@HU?$pair@$$CBHH@std@@U_Kfn@?$map@HHU?$less@H@std@@V?$allocator@H@2@@2@U?$less@H@2@V?$allocator@H@2@@std@@QAE?AViterator@12@XZ 00404330 f i 3DOParser.obj
 0001:00003340       ?find@?$_Tree@HU?$pair@$$CBHH@std@@U_Kfn@?$map@HHU?$less@H@std@@V?$allocator@H@2@@2@U?$less@H@2@V?$allocator@H@2@@std@@QAE?AViterator@12@ABH@Z 00404340 f i 3DOParser.obj
 0001:000033b0       ??0?$pair@$$CBHH@std@@QAE@ABH0@Z 004043b0 f i 3DOParser.obj
 0001:000033d0       ?insert@?$list@HV?$allocator@H@std@@@std@@QAE?AViterator@12@V312@ABH@Z 004043d0 f i 3DOParser.obj
 0001:00003430       ?erase@?$list@HV?$allocator@H@std@@@std@@QAE?AViterator@12@V312@0@Z 00404430 f i 3DOParser.obj
 0001:00003480       ?swap@?$list@HV?$allocator@H@std@@@std@@QAEXAAV12@@Z 00404480 f i 3DOParser.obj
 0001:000034b0       ?splice@?$list@HV?$allocator@H@std@@@std@@QAEXViterator@12@AAV12@0@Z 004044b0 f i 3DOParser.obj
 0001:00003510       ?merge@?$list@HV?$allocator@H@std@@@std@@QAEXAAV12@@Z 00404510 f i 3DOParser.obj
 0001:000035e0       ?_Buynode@?$list@HV?$allocator@H@std@@@std@@IAEPAU_Node@12@PAU312@0@Z 004045e0 f i 3DOParser.obj
 0001:00003610       ?assign@?$basic_string@DU?$char_traits@D@std@@V?$allocator@D@2@@std@@QAEAAV12@PBDI@Z 00404610 f i 3DOParser.obj
 0001:000036b0       ?_Eos@?$basic_string@DU?$char_traits@D@std@@V?$allocator@D@2@@std@@AAEXI@Z 004046b0 f i 3DOParser.obj
 0001:000036d0       ?_Grow@?$basic_string@DU?$char_traits@D@std@@V?$allocator@D@2@@std@@AAE_NI_N@Z 004046d0 f i 3DOParser.obj
 0001:000037f0       ?insert@?$vector@US3DO@@V?$allocator@US3DO@@@std@@@std@@QAEXPAUS3DO@@IABU3@@Z 004047f0 f i 3DOParser.obj
 0001:00003b30       ?insert@?$vector@USVertex@@V?$allocator@USVertex@@@std@@@std@@QAEXPAUSVertex@@IABU3@@Z 00404b30 f i 3DOParser.obj
 0001:00003ec0       ?erase@?$_Tree@V?$basic_string@DU?$char_traits@D@std@@V?$allocator@D@2@@std@@U?$pair@$$CBV?$basic_string@DU?$char_traits@D@std@@V?$allocator@D@2@@std@@PAUS3DO@@@2@U_Kfn@?$map@V?$basic_string@DU?$char_traits@D@std@@V?$allocator@D@2@@std@@PAUS3DO@@U?$less@V?$basic_string@DU?$char_traits@D@std@@V?$allocator@D@2@@std@@@2@V?$allocator@PAUS3DO@@@2@@2@U?$less@V?$basic_string@DU?$char_traits@D@std@@V?$allocator@D@2@@std@@@2@V?$allocator@PAUS3DO@@@2@@std@@QAE?AViterator@12@V312@@Z 00404ec0 f i 3DOParser.obj
 0001:000042c0       ?_Erase@?$_Tree@V?$basic_string@DU?$char_traits@D@std@@V?$allocator@D@2@@std@@U?$pair@$$CBV?$basic_string@DU?$char_traits@D@std@@V?$allocator@D@2@@std@@PAUS3DO@@@2@U_Kfn@?$map@V?$basic_string@DU?$char_traits@D@std@@V?$allocator@D@2@@std@@PAUS3DO@@U?$less@V?$basic_string@DU?$char_traits@D@std@@V?$allocator@D@2@@std@@@2@V?$allocator@PAUS3DO@@@2@@2@U?$less@V?$basic_string@DU?$char_traits@D@std@@V?$allocator@D@2@@std@@@2@V?$allocator@PAUS3DO@@@2@@std@@IAEXPAU_Node@12@@Z 004052c0 f i 3DOParser.obj
 0001:00004310       ?_Min@?$_Tree@V?$basic_string@DU?$char_traits@D@std@@V?$allocator@D@2@@std@@U?$pair@$$CBV?$basic_string@DU?$char_traits@D@std@@V?$allocator@D@2@@std@@PAUS3DO@@@2@U_Kfn@?$map@V?$basic_string@DU?$char_traits@D@std@@V?$allocator@D@2@@std@@PAUS3DO@@U?$less@V?$basic_string@DU?$char_traits@D@std@@V?$allocator@D@2@@std@@@2@V?$allocator@PAUS3DO@@@2@@2@U?$less@V?$basic_string@DU?$char_traits@D@std@@V?$allocator@D@2@@std@@@2@V?$allocator@PAUS3DO@@@2@@std@@KAPAU_Node@12@PAU312@@Z 00405310 f i 3DOParser.obj
 0001:00004330       ?erase@?$_Tree@HU?$pair@$$CBHH@std@@U_Kfn@?$map@HHU?$less@H@std@@V?$allocator@H@2@@2@U?$less@H@2@V?$allocator@H@2@@std@@QAE?AViterator@12@V312@@Z 00405330 f i 3DOParser.obj
 0001:00004700       ?_Erase@?$_Tree@HU?$pair@$$CBHH@std@@U_Kfn@?$map@HHU?$less@H@std@@V?$allocator@H@2@@2@U?$less@H@2@V?$allocator@H@2@@std@@IAEXPAU_Node@12@@Z 00405700 f i 3DOParser.obj
 0001:00004740       ?_Init@?$_Tree@HU?$pair@$$CBHH@std@@U_Kfn@?$map@HHU?$less@H@std@@V?$allocator@H@2@@2@U?$less@H@2@V?$allocator@H@2@@std@@IAEXXZ 00405740 f i 3DOParser.obj
 0001:000047c0       ?max_size@?$basic_string@DU?$char_traits@D@std@@V?$allocator@D@2@@std@@QBEIXZ 004057c0 f i 3DOParser.obj
 0001:000047d0       ?_Copy@?$basic_string@DU?$char_traits@D@std@@V?$allocator@D@2@@std@@AAEXI@Z 004057d0 f i 3DOParser.obj
 0001:000048e0       ?_Split@?$basic_string@DU?$char_traits@D@std@@V?$allocator@D@2@@std@@AAEXXZ 004058e0 f i 3DOParser.obj
 0001:000049b0       ?_Ufill@?$vector@HV?$allocator@H@std@@@std@@IAEXPAHIABH@Z 004059b0 f i 3DOParser.obj
 0001:000049e0       ?_Ucopy@?$vector@USPrimitive@@V?$allocator@USPrimitive@@@std@@@std@@IAEPAUSPrimitive@@PBU3@0PAU3@@Z 004059e0 f i 3DOParser.obj
 0001:00004a20       ?_Ufill@?$vector@USPrimitive@@V?$allocator@USPrimitive@@@std@@@std@@IAEXPAUSPrimitive@@IABU3@@Z 00405a20 f i 3DOParser.obj
 0001:00004a50       ?_Insert@?$_Tree@V?$basic_string@DU?$char_traits@D@std@@V?$allocator@D@2@@std@@U?$pair@$$CBV?$basic_string@DU?$char_traits@D@std@@V?$allocator@D@2@@std@@PAUS3DO@@@2@U_Kfn@?$map@V?$basic_string@DU?$char_traits@D@std@@V?$allocator@D@2@@std@@PAUS3DO@@U?$less@V?$basic_string@DU?$char_traits@D@std@@V?$allocator@D@2@@std@@@2@V?$allocator@PAUS3DO@@@2@@2@U?$less@V?$basic_string@DU?$char_traits@D@std@@V?$allocator@D@2@@std@@@2@V?$allocator@PAUS3DO@@@2@@std@@IAE?AViterator@12@PAU_Node@12@0ABU?$pair@$$CBV?$basic_string@DU?$char_traits@D@std@@V?$allocator@D@2@@std@@PAUS3DO@@@2@@Z 00405a50 f i 3DOParser.obj
 0001:00004cc0       ?_Insert@?$_Tree@HU?$pair@$$CBHH@std@@U_Kfn@?$map@HHU?$less@H@std@@V?$allocator@H@2@@2@U?$less@H@2@V?$allocator@H@2@@std@@IAE?AViterator@12@PAU_Node@12@0ABU?$pair@$$CBHH@2@@Z 00405cc0 f i 3DOParser.obj
 0001:00004f30       ?_Dec@const_iterator@?$_Tree@V?$basic_string@DU?$char_traits@D@std@@V?$allocator@D@2@@std@@U?$pair@$$CBV?$basic_string@DU?$char_traits@D@std@@V?$allocator@D@2@@std@@PAUS3DO@@@2@U_Kfn@?$map@V?$basic_string@DU?$char_traits@D@std@@V?$allocator@D@2@@std@@PAUS3DO@@U?$less@V?$basic_string@DU?$char_traits@D@std@@V?$allocator@D@2@@std@@@2@V?$allocator@PAUS3DO@@@2@@2@U?$less@V?$basic_string@DU?$char_traits@D@std@@V?$allocator@D@2@@std@@@2@V?$allocator@PAUS3DO@@@2@@std@@QAEXXZ 00405f30 f i 3DOParser.obj
 0001:00004f90       ?_Dec@const_iterator@?$_Tree@HU?$pair@$$CBHH@std@@U_Kfn@?$map@HHU?$less@H@std@@V?$allocator@H@2@@2@U?$less@H@2@V?$allocator@H@2@@std@@QAEXXZ 00405f90 f i 3DOParser.obj
 0001:00004ff0       ?_Inc@const_iterator@?$_Tree@HU?$pair@$$CBHH@std@@U_Kfn@?$map@HHU?$less@H@std@@V?$allocator@H@2@@2@U?$less@H@2@V?$allocator@H@2@@std@@QAEXXZ 00405ff0 f i 3DOParser.obj
 0001:00005040       ?_Construct@std@@YAXPAHABH@Z 00406040 f i 3DOParser.obj
 0001:00005060       ?fill@std@@YAXPAUSPrimitive@@0ABU2@@Z 00406060 f i 3DOParser.obj
 0001:00005240       ?copy_backward@std@@YAPAUSPrimitive@@PAU2@00@Z 00406240 f i 3DOParser.obj
 0001:00005400       ?_Construct@std@@YAXPAUS3DO@@ABU2@@Z 00406400 f i 3DOParser.obj
 0001:00005600       ??3@YAXPAX0@Z              00406600 f i 3DOParser.obj
 0001:00005610       ?_Construct@std@@YAXPAUSPrimitive@@ABU2@@Z 00406610 f i 3DOParser.obj
 0001:000056f0       ?_Construct@std@@YAXPAUSVertex@@ABU2@@Z 004066f0 f i 3DOParser.obj
 0001:000057c0       ?_Construct@std@@YAXPAU?$pair@$$CBV?$basic_string@DU?$char_traits@D@std@@V?$allocator@D@2@@std@@PAUS3DO@@@1@ABU21@@Z 004067c0 f i 3DOParser.obj
 0001:00005910       ?_Construct@std@@YAXPAU?$pair@$$CBHH@1@ABU21@@Z 00406910 f i 3DOParser.obj
 0001:00005930       ??4S3DO@@QAEAAU0@ABU0@@Z   00406930 f i 3DOParser.obj
 0001:00005bf0       ??_GS3DO@@QAEPAXI@Z        00406bf0 f i 3DOParser.obj
 0001:00005c10       ?size@?$vector@US3DO@@V?$allocator@US3DO@@@std@@@std@@QBEIXZ 00406c10 f i 3DOParser.obj
 0001:00005c40       ?_Ucopy@?$vector@US3DO@@V?$allocator@US3DO@@@std@@@std@@IAEPAUS3DO@@PBU3@0PAU3@@Z 00406c40 f i 3DOParser.obj
 0001:00005c80       ??_GSVertex@@QAEPAXI@Z     00406c80 f i 3DOParser.obj
 0001:00005ca0       ??_Gfloat3@@QAEPAXI@Z      00406ca0 f i 3DOParser.obj
 0001:00005cc0       ??0SPrimitive@@QAE@ABU0@@Z 00406cc0 f i 3DOParser.obj
 0001:00005d70       ??0SVertex@@QAE@ABU0@@Z    00406d70 f i 3DOParser.obj
 0001:00005e30       ?compare@?$basic_string@DU?$char_traits@D@std@@V?$allocator@D@2@@std@@QBEHABV12@@Z 00406e30 f i 3DOParser.obj
 0001:00005e80       ??4?$vector@US3DO@@V?$allocator@US3DO@@@std@@@std@@QAEAAV01@ABV01@@Z 00406e80 f i 3DOParser.obj
 0001:000060f0       ??4?$vector@USPrimitive@@V?$allocator@USPrimitive@@@std@@@std@@QAEAAV01@ABV01@@Z 004070f0 f i 3DOParser.obj
 0001:00006360       ??4SPrimitive@@QAEAAU0@ABU0@@Z 00407360 f i 3DOParser.obj
 0001:00006500       ??_GSPrimitive@@QAEPAXI@Z  00407500 f i 3DOParser.obj
 0001:00006520       ??4?$vector@USVertex@@V?$allocator@USVertex@@@std@@@std@@QAEAAV01@ABV01@@Z 00407520 f i 3DOParser.obj
 0001:000067a0       ??4SVertex@@QAEAAU0@ABU0@@Z 004077a0 f i 3DOParser.obj
 0001:00006960       ?capacity@?$vector@US3DO@@V?$allocator@US3DO@@@std@@@std@@QBEIXZ 00407960 f i 3DOParser.obj
 0001:00006990       ?capacity@?$vector@USPrimitive@@V?$allocator@USPrimitive@@@std@@@std@@QBEIXZ 00407990 f i 3DOParser.obj
 0001:000069c0       ?copy@std@@YAPAUS3DO@@PBU2@0PAU2@@Z 004079c0 f i 3DOParser.obj
 0001:00006b90       ?copy@std@@YAPAUSPrimitive@@PBU2@0PAU2@@Z 00407b90 f i 3DOParser.obj
 0001:00006d70       ?id@?$ctype@G@std@@$E      00407d70 f i 3DOParser.obj
 0001:00006d80       ??0CBitmap@@QAE@XZ         00407d80 f   Bitmap.obj
 0001:00006db0       ??_ECBitmap@@UAEPAXI@Z     00407db0 f i Bitmap.obj
 0001:00006db0       ??_GCBitmap@@UAEPAXI@Z     00407db0 f i Bitmap.obj
 0001:00006de0       ??1CBitmap@@UAE@XZ         00407de0 f   Bitmap.obj
 0001:00006e00       ??0CBitmap@@QAE@PAEHH@Z    00407e00 f   Bitmap.obj
 0001:00006e50       ??0CBitmap@@QAE@V?$basic_string@DU?$char_traits@D@std@@V?$allocator@D@2@@std@@@Z 00407e50 f   Bitmap.obj
 0001:00006fa0       ?Load@CBitmap@@QAEXV?$basic_string@DU?$char_traits@D@std@@V?$allocator@D@2@@std@@@Z 00407fa0 f   Bitmap.obj
 0001:00007110       ?Save@CBitmap@@QAEXV?$basic_string@DU?$char_traits@D@std@@V?$allocator@D@2@@std@@@Z 00408110 f   Bitmap.obj
 0001:00007420       ??_D?$basic_ofstream@DU?$char_traits@D@std@@@std@@QAEXXZ 00408420 f i Bitmap.obj
 0001:00007440       ?LoadBMP@CBitmap@@QAEXV?$basic_string@DU?$char_traits@D@std@@V?$allocator@D@2@@std@@@Z 00408440 f   Bitmap.obj
 0001:00007560       ?LoadJPG@CBitmap@@QAEXV?$basic_string@DU?$char_traits@D@std@@V?$allocator@D@2@@std@@@Z 00408560 f   Bitmap.obj
 0001:00007790       ??1?$basic_ostream@DU?$char_traits@D@std@@@std@@UAE@XZ 00408790 f i Bitmap.obj
 0001:000077a0       ?write@?$basic_ostream@DU?$char_traits@D@std@@@std@@QAEAAV12@PBDH@Z 004087a0 f i Bitmap.obj
 0001:00007900       ?flush@?$basic_ostream@DU?$char_traits@D@std@@@std@@QAEAAV12@XZ 00408900 f i Bitmap.obj
 0001:00007960       ??1?$basic_ios@DU?$char_traits@D@std@@@std@@UAE@XZ 00408960 f i Bitmap.obj
 0001:00007970       ?setstate@?$basic_ios@DU?$char_traits@D@std@@@std@@QAEXH_N@Z 00408970 f i Bitmap.obj
 0001:000079a0       ??1?$basic_streambuf@DU?$char_traits@D@std@@@std@@UAE@XZ 004089a0 f i Bitmap.obj
 0001:000079e0       ?overflow@?$basic_streambuf@DU?$char_traits@D@std@@@std@@MAEHH@Z 004089e0 f i Bitmap.obj
 0001:000079f0       ?pbackfail@?$basic_streambuf@DU?$char_traits@D@std@@@std@@MAEHH@Z 004089f0 f i Bitmap.obj
 0001:00007a00       ?showmanyc@?$basic_streambuf@DU?$char_traits@D@std@@@std@@MAEHXZ 00408a00 f i Bitmap.obj
 0001:00007a10       ?underflow@?$basic_streambuf@DU?$char_traits@D@std@@@std@@MAEHXZ 00408a10 f i Bitmap.obj
 0001:00007a20       ?uflow@?$basic_streambuf@DU?$char_traits@D@std@@@std@@MAEHXZ 00408a20 f i Bitmap.obj
 0001:00007a50       ?xsgetn@?$basic_streambuf@DU?$char_traits@D@std@@@std@@MAEHPADH@Z 00408a50 f i Bitmap.obj
 0001:00007af0       ?xsputn@?$basic_streambuf@DU?$char_traits@D@std@@@std@@MAEHPBDH@Z 00408af0 f i Bitmap.obj
 0001:00007b90       ?seekoff@?$basic_streambuf@DU?$char_traits@D@std@@@std@@MAE?AV?$fpos@H@2@JW4seekdir@ios_base@2@H@Z 00408b90 f i Bitmap.obj
 0001:00007bc0       ?seekpos@?$basic_streambuf@DU?$char_traits@D@std@@@std@@MAE?AV?$fpos@H@2@V32@H@Z 00408bc0 f i Bitmap.obj
 0001:00007bf0       ?setbuf@?$basic_streambuf@DU?$char_traits@D@std@@@std@@MAEPAV12@PADH@Z 00408bf0 f i Bitmap.obj
 0001:00007c00       ?sync@?$basic_streambuf@DU?$char_traits@D@std@@@std@@MAEHXZ 00408c00 f i Bitmap.obj
 0001:00007c10       ?imbue@?$basic_streambuf@DU?$char_traits@D@std@@@std@@MAEXABVlocale@2@@Z 00408c10 f i Bitmap.obj
 0001:00007c20       ??1locale@std@@QAE@XZ      00408c20 f i Bitmap.obj
 0001:00007c40       ?_Decref@facet@locale@std@@QAEPAV123@XZ 00408c40 f i Bitmap.obj
 0001:00007c60       ??1?$basic_ofstream@DU?$char_traits@D@std@@@std@@UAE@XZ 00408c60 f i Bitmap.obj
 0001:00007d60       ??1?$basic_filebuf@DU?$char_traits@D@std@@@std@@UAE@XZ 00408d60 f i Bitmap.obj
 0001:00007e90       ?overflow@?$basic_filebuf@DU?$char_traits@D@std@@@std@@MAEHH@Z 00408e90 f i Bitmap.obj
 0001:00008070       ?pbackfail@?$basic_filebuf@DU?$char_traits@D@std@@@std@@MAEHH@Z 00409070 f i Bitmap.obj
 0001:00008210       ?underflow@?$basic_filebuf@DU?$char_traits@D@std@@@std@@MAEHXZ 00409210 f i Bitmap.obj
 0001:00008240       ?uflow@?$basic_filebuf@DU?$char_traits@D@std@@@std@@MAEHXZ 00409240 f i Bitmap.obj
 0001:00008430       ?seekoff@?$basic_filebuf@DU?$char_traits@D@std@@@std@@MAE?AV?$fpos@H@2@JW4seekdir@ios_base@2@H@Z 00409430 f i Bitmap.obj
 0001:000084c0       ?seekpos@?$basic_filebuf@DU?$char_traits@D@std@@@std@@MAE?AV?$fpos@H@2@V32@H@Z 004094c0 f i Bitmap.obj
 0001:00008650       ?setbuf@?$basic_filebuf@DU?$char_traits@D@std@@@std@@MAEPAV?$basic_streambuf@DU?$char_traits@D@std@@@2@PADH@Z 00409650 f i Bitmap.obj
 0001:00008680       ?sync@?$basic_filebuf@DU?$char_traits@D@std@@@std@@MAEHXZ 00409680 f i Bitmap.obj
 0001:000086a0       ??_G?$basic_ostream@DU?$char_traits@D@std@@@std@@UAEPAXI@Z 004096a0 f i Bitmap.obj
 0001:000086a0       ??_E?$basic_ostream@DU?$char_traits@D@std@@@std@@UAEPAXI@Z 004096a0 f i Bitmap.obj
 0001:000086d0       ??_E?$basic_ios@DU?$char_traits@D@std@@@std@@UAEPAXI@Z 004096d0 f i Bitmap.obj
 0001:000086d0       ??_G?$basic_ios@DU?$char_traits@D@std@@@std@@UAEPAXI@Z 004096d0 f i Bitmap.obj
 0001:000086f0       ??_E?$basic_streambuf@DU?$char_traits@D@std@@@std@@UAEPAXI@Z 004096f0 f i Bitmap.obj
 0001:000086f0       ??_G?$basic_streambuf@DU?$char_traits@D@std@@@std@@UAEPAXI@Z 004096f0 f i Bitmap.obj
 0001:00008710       ??_G?$basic_ofstream@DU?$char_traits@D@std@@@std@@UAEPAXI@Z 00409710 f i Bitmap.obj
 0001:00008710       ??_E?$basic_ofstream@DU?$char_traits@D@std@@@std@@UAEPAXI@Z 00409710 f i Bitmap.obj
 0001:00008740       ??_E?$basic_filebuf@DU?$char_traits@D@std@@@std@@UAEPAXI@Z 00409740 f i Bitmap.obj
 0001:00008740       ??_G?$basic_filebuf@DU?$char_traits@D@std@@@std@@UAEPAXI@Z 00409740 f i Bitmap.obj
 0001:00008760       ??_G?$basic_string@DU?$char_traits@D@std@@V?$allocator@D@2@@std@@QAEPAXI@Z 00409760 f i Bitmap.obj
 0001:000087c0       ?erase@?$basic_string@DU?$char_traits@D@std@@V?$allocator@D@2@@std@@QAEAAV12@II@Z 004097c0 f i Bitmap.obj
 0001:000088e0       ??0?$basic_ostream@DU?$char_traits@D@std@@@std@@QAE@PAV?$basic_streambuf@DU?$char_traits@D@std@@@1@_N1@Z 004098e0 f i Bitmap.obj
 0001:000089a0       ??1sentry@?$basic_ostream@DU?$char_traits@D@std@@@std@@QAE@XZ 004099a0 f i Bitmap.obj
 0001:00008a10       ??0ios_base@std@@IAE@XZ    00409a10 f i Bitmap.obj
 0001:00008a20       ??_Eios_base@std@@UAEPAXI@Z 00409a20 f i Bitmap.obj
 0001:00008a20       ??_Gios_base@std@@UAEPAXI@Z 00409a20 f i Bitmap.obj
 0001:00008a40       ??0?$basic_filebuf@DU?$char_traits@D@std@@@std@@QAE@PAU_iobuf@@@Z 00409a40 f i Bitmap.obj
 0001:00008bd0       ?close@?$basic_filebuf@DU?$char_traits@D@std@@@std@@QAEPAV12@XZ 00409bd0 f i Bitmap.obj
 0001:00008c70       ?_Freeze@?$basic_string@DU?$char_traits@D@std@@V?$allocator@D@2@@std@@AAEXXZ 00409c70 f i Bitmap.obj
 0001:00008cf0       ?_Init@?$basic_filebuf@DU?$char_traits@D@std@@@std@@IAEXPAU_iobuf@@W4_Initfl@12@@Z 00409cf0 f i Bitmap.obj
 0001:00008dd0       ??0locale@std@@QAE@XZ      00409dd0 f i Bitmap.obj
 0001:00008df0       ?_Initcvt@?$basic_filebuf@DU?$char_traits@D@std@@@std@@IAEXXZ 00409df0 f i Bitmap.obj
 0001:00008fc0       ??1_Lockit@std@@QAE@XZ     00409fc0 f i Bitmap.obj
 0001:00008fd0       ??0bad_cast@std@@QAE@PBD@Z 00409fd0 f i Bitmap.obj
 0001:00008ff0       ??1bad_cast@std@@UAE@XZ    00409ff0 f i Bitmap.obj
 0001:00009000       ?_Doraise@bad_cast@std@@MBEXXZ 0040a000 f i Bitmap.obj
 0001:00009020       ??_Ebad_cast@std@@UAEPAXI@Z 0040a020 f i Bitmap.obj
 0001:00009020       ??_Gbad_cast@std@@UAEPAXI@Z 0040a020 f i Bitmap.obj
 0001:00009040       ??0bad_cast@std@@QAE@ABV01@@Z 0040a040 f i Bitmap.obj
 0001:00009060       ?_Incref@facet@locale@std@@QAEXXZ 0040a060 f i Bitmap.obj
 0001:00009070       ??0locale@std@@QAE@ABV01@@Z 0040a070 f i Bitmap.obj
 0001:00009090       ?getloc@?$basic_streambuf@DU?$char_traits@D@std@@@std@@QAE?AVlocale@2@XZ 0040a090 f i Bitmap.obj
 0001:000090c0       ?_Init@?$basic_streambuf@DU?$char_traits@D@std@@@std@@IAEXXZ 0040a0c0 f i Bitmap.obj
 0001:00009120       ?_Init@?$basic_streambuf@DU?$char_traits@D@std@@@std@@IAEXPAPAD0PAH001@Z 0040a120 f i Bitmap.obj
 0001:00009150       ?setg@?$basic_streambuf@DU?$char_traits@D@std@@@std@@IAEXPAD00@Z 0040a150 f i Bitmap.obj
 0001:00009170       ?setp@?$basic_streambuf@DU?$char_traits@D@std@@@std@@IAEXPAD0@Z 0040a170 f i Bitmap.obj
 0001:00009190       ?_Addfac@std@@YA?AVlocale@1@V21@PAV?$codecvt@DDH@1@@Z 0040a190 f i Bitmap.obj
 0001:00009250       ??0?$codecvt@DDH@std@@QAE@I@Z 0040a250 f i Bitmap.obj
 0001:000092c0       ?do_always_noconv@codecvt_base@std@@MBE_NXZ 0040a2c0 f i Bitmap.obj
 0001:000092d0       ?do_max_length@codecvt_base@std@@MBEHXZ 0040a2d0 f i Bitmap.obj
 0001:000092e0       ?do_encoding@codecvt_base@std@@MBEHXZ 0040a2e0 f i Bitmap.obj
 0001:000092f0       ??1codecvt_base@std@@UAE@XZ 0040a2f0 f i Bitmap.obj
 0001:00009300       ??_Efacet@locale@std@@UAEPAXI@Z 0040a300 f i Bitmap.obj
 0001:00009300       ??_Gfacet@locale@std@@UAEPAXI@Z 0040a300 f i Bitmap.obj
 0001:00009320       ?do_in@?$codecvt@DDH@std@@MBEHAAHPBD1AAPBDPAD3AAPAD@Z 0040a320 f i Bitmap.obj
 0001:00009340       ?do_out@?$codecvt@DDH@std@@MBEHAAHPBD1AAPBDPAD3AAPAD@Z 0040a340 f i Bitmap.obj
 0001:00009360       ?do_length@?$codecvt@DDH@std@@MBEHAAHPBD1I@Z 0040a360 f i Bitmap.obj
 0001:00009380       ??_E?$codecvt@DDH@std@@UAEPAXI@Z 0040a380 f i Bitmap.obj
 0001:00009380       ??_G?$codecvt@DDH@std@@UAEPAXI@Z 0040a380 f i Bitmap.obj
 0001:000093a0       ??1?$codecvt@DDH@std@@UAE@XZ 0040a3a0 f i Bitmap.obj
 0001:000093b0       ?_Save@?$_Tidyfac@V?$codecvt@DDH@std@@@std@@SAPAV?$codecvt@DDH@2@PAV32@@Z 0040a3b0 f i Bitmap.obj
 0001:000093e0       ?_Tidy@?$_Tidyfac@V?$codecvt@DDH@std@@@std@@SAXXZ 0040a3e0 f i Bitmap.obj
 0001:00009480       ?id@?$codecvt@DDH@std@@$E  0040a480 f i Bitmap.obj
 0001:000094f0       ??0CCamera@@QAE@XZ         0040a4f0 f   Camera.obj
 0001:000095b0       ??_ECCamera@@UAEPAXI@Z     0040a5b0 f i Camera.obj
 0001:000095b0       ??_GCCamera@@UAEPAXI@Z     0040a5b0 f i Camera.obj
 0001:000095d0       ??1CCamera@@UAE@XZ         0040a5d0 f   Camera.obj
 0001:000095e0       ?Update@CCamera@@QAEH_N@Z  0040a5e0 f   Camera.obj
 0001:00009b50       ?InView@CCamera@@QAE_NABVfloat3@@M@Z 0040ab50 f   Camera.obj
 0001:00009c70       ?UpdateForward@CCamera@@QAEXXZ 0040ac70 f   Camera.obj
 0001:00009ce0       ?CalcPixelDir@CCamera@@QAE?AVfloat3@@HH@Z 0040ace0 f   Camera.obj
 0001:00009e30       ??Dfloat3@@QBE?AV0@M@Z     0040ae30 f i Camera.obj
 0001:00009e80       ??0CDrawUI@@QAE@XZ         0040ae80 f   DrawUI.obj
 0001:00009ec0       ??_ECDrawUI@@UAEPAXI@Z     0040aec0 f i DrawUI.obj
 0001:00009ec0       ??_GCDrawUI@@UAEPAXI@Z     0040aec0 f i DrawUI.obj
 0001:00009ee0       ??1CDrawUI@@UAE@XZ         0040aee0 f   DrawUI.obj
 0001:00009ef0       ?Draw@CDrawUI@@QAEXXZ      0040aef0 f   DrawUI.obj
 0001:0000a3f0       ??0CDrawWater@@QAE@XZ      0040b3f0 f   DrawWater.obj
 0001:0000a540       ??_GCDrawWater@@UAEPAXI@Z  0040b540 f i DrawWater.obj
 0001:0000a540       ??_ECDrawWater@@UAEPAXI@Z  0040b540 f i DrawWater.obj
 0001:0000a570       ??1CDrawWater@@UAE@XZ      0040b570 f   DrawWater.obj
 0001:0000a590       ?Draw@CDrawWater@@QAEXXZ   0040b590 f   DrawWater.obj
 0001:0000a9a0       ??0CFeatureHandler@@QAE@XZ 0040b9a0 f   FeatureHandler.obj
 0001:0000aa40       ??_GCFeatureHandler@@UAEPAXI@Z 0040ba40 f i FeatureHandler.obj
 0001:0000aa40       ??_ECFeatureHandler@@UAEPAXI@Z 0040ba40 f i FeatureHandler.obj
 0001:0000aa60       ??1CFeatureHandler@@UAE@XZ 0040ba60 f   FeatureHandler.obj
 0001:0000ab20       ?LoadFeatures@CFeatureHandler@@QAEXPAEHHH@Z 0040bb20 f   FeatureHandler.obj
 0001:0000ab40       ?FindTDFFiles@CFeatureHandler@@QAEXXZ 0040bb40 f   FeatureHandler.obj
 0001:0000ada0       ?SearchTdfFile@CFeatureHandler@@QAEXV?$basic_string@DU?$char_traits@D@std@@V?$allocator@D@2@@std@@@Z 0040bda0 f   FeatureHandler.obj
 0001:0000b090       ?MakeLower@CFeatureHandler@@SAXAAV?$basic_string@DU?$char_traits@D@std@@V?$allocator@D@2@@std@@@Z 0040c090 f   FeatureHandler.obj
 0001:0000b1b0       ?MakeLower@CFeatureHandler@@SAXPAD@Z 0040c1b0 f   FeatureHandler.obj
 0001:0000b1d0       ??A?$basic_string@DU?$char_traits@D@std@@V?$allocator@D@2@@std@@QAEAADI@Z 0040c1d0 f i FeatureHandler.obj
 0001:0000b270       ?c_str@?$basic_string@DU?$char_traits@D@std@@V?$allocator@D@2@@std@@QBEPBDXZ 0040c270 f i FeatureHandler.obj
 0001:0000b280       ??Citerator@?$_Tree@V?$basic_string@DU?$char_traits@D@std@@V?$allocator@D@2@@std@@U?$pair@$$CBV?$basic_string@DU?$char_traits@D@std@@V?$allocator@D@2@@std@@UFileData@CHpiHandler@@@2@U_Kfn@?$map@V?$basic_string@DU?$char_traits@D@std@@V?$allocator@D@2@@std@@UFileData@CHpiHandler@@U?$less@V?$basic_string@DU?$char_traits@D@std@@V?$allocator@D@2@@std@@@2@V?$allocator@UFileData@CHpiHandler@@@2@@2@U?$less@V?$basic_string@DU?$char_traits@D@std@@V?$allocator@D@2@@std@@@2@V?$allocator@UFileData@CHpiHandler@@@2@@std@@QBEPAU?$pair@$$CBV?$basic_string@DU?$char_traits@D@std@@V?$allocator@D@2@@std@@UFileData@CHpiHandler@@@2@XZ 0040c280 f i FeatureHandler.obj
 0001:0000b290       ??1?$pair@$$CBV?$basic_string@DU?$char_traits@D@std@@V?$allocator@D@2@@std@@V12@@std@@QAE@XZ 0040c290 f i FeatureHandler.obj
 0001:0000b300       ?insert@?$map@V?$basic_string@DU?$char_traits@D@std@@V?$allocator@D@2@@std@@V12@U?$less@V?$basic_string@DU?$char_traits@D@std@@V?$allocator@D@2@@std@@@2@V?$allocator@V?$basic_string@DU?$char_traits@D@std@@V?$allocator@D@2@@std@@@2@@std@@QAE?AU?$pair@Viterator@?$_Tree@V?$basic_string@DU?$char_traits@D@std@@V?$allocator@D@2@@std@@U?$pair@$$CBV?$basic_string@DU?$char_traits@D@std@@V?$allocator@D@2@@std@@V12@@2@U_Kfn@?$map@V?$basic_string@DU?$char_traits@D@std@@V?$allocator@D@2@@std@@V12@U?$less@V?$basic_string@DU?$char_traits@D@std@@V?$allocator@D@2@@std@@@2@V?$allocator@V?$basic_string@DU?$char_traits@D@std@@V?$allocator@D@2@@std@@@2@@2@U?$less@V?$basic_string@DU?$char_traits@D@std@@V?$allocator@D@2@@std@@@2@V?$allocator@V?$basic_string@DU?$char_traits@D@std@@V?$allocator@D@2@@std@@@2@@std@@_N@2@ABU?$pair@$$CBV?$basic_string@DU?$char_traits@D@std@@V?$allocator@D@2@@std@@V12@@2@@Z 0040c300 f i FeatureHandler.obj
 0001:0000b400       ?begin@?$_Tree@V?$basic_string@DU?$char_traits@D@std@@V?$allocator@D@2@@std@@U?$pair@$$CBV?$basic_string@DU?$char_traits@D@std@@V?$allocator@D@2@@std@@V12@@2@U_Kfn@?$map@V?$basic_string@DU?$char_traits@D@std@@V?$allocator@D@2@@std@@V12@U?$less@V?$basic_string@DU?$char_traits@D@std@@V?$allocator@D@2@@std@@@2@V?$allocator@V?$basic_string@DU?$char_traits@D@std@@V?$allocator@D@2@@std@@@2@@2@U?$less@V?$basic_string@DU?$char_traits@D@std@@V?$allocator@D@2@@std@@@2@V?$allocator@V?$basic_string@DU?$char_traits@D@std@@V?$allocator@D@2@@std@@@2@@std@@QAE?AViterator@12@XZ 0040c400 f i FeatureHandler.obj
 0001:0000b410       ??0?$pair@$$CBV?$basic_string@DU?$char_traits@D@std@@V?$allocator@D@2@@std@@V12@@std@@QAE@ABV?$basic_string@DU?$char_traits@D@std@@V?$allocator@D@2@@1@0@Z 0040c410 f i FeatureHandler.obj
 0001:0000b530       ?_Inc@const_iterator@?$_Tree@V?$basic_string@DU?$char_traits@D@std@@V?$allocator@D@2@@std@@U?$pair@$$CBV?$basic_string@DU?$char_traits@D@std@@V?$allocator@D@2@@std@@UFileData@CHpiHandler@@@2@U_Kfn@?$map@V?$basic_string@DU?$char_traits@D@std@@V?$allocator@D@2@@std@@UFileData@CHpiHandler@@U?$less@V?$basic_string@DU?$char_traits@D@std@@V?$allocator@D@2@@std@@@2@V?$allocator@UFileData@CHpiHandler@@@2@@2@U?$less@V?$basic_string@DU?$char_traits@D@std@@V?$allocator@D@2@@std@@@2@V?$allocator@UFileData@CHpiHandler@@@2@@std@@QAEXXZ 0040c530 f i FeatureHandler.obj
 0001:0000b580       ?erase@?$_Tree@V?$basic_string@DU?$char_traits@D@std@@V?$allocator@D@2@@std@@U?$pair@$$CBV?$basic_string@DU?$char_traits@D@std@@V?$allocator@D@2@@std@@V12@@2@U_Kfn@?$map@V?$basic_string@DU?$char_traits@D@std@@V?$allocator@D@2@@std@@V12@U?$less@V?$basic_string@DU?$char_traits@D@std@@V?$allocator@D@2@@std@@@2@V?$allocator@V?$basic_string@DU?$char_traits@D@std@@V?$allocator@D@2@@std@@@2@@2@U?$less@V?$basic_string@DU?$char_traits@D@std@@V?$allocator@D@2@@std@@@2@V?$allocator@V?$basic_string@DU?$char_traits@D@std@@V?$allocator@D@2@@std@@@2@@std@@QAE?AViterator@12@V312@@Z 0040c580 f i FeatureHandler.obj
 0001:0000b9b0       ?_Erase@?$_Tree@V?$basic_string@DU?$char_traits@D@std@@V?$allocator@D@2@@std@@U?$pair@$$CBV?$basic_string@DU?$char_traits@D@std@@V?$allocator@D@2@@std@@V12@@2@U_Kfn@?$map@V?$basic_string@DU?$char_traits@D@std@@V?$allocator@D@2@@std@@V12@U?$less@V?$basic_string@DU?$char_traits@D@std@@V?$allocator@D@2@@std@@@2@V?$allocator@V?$basic_string@DU?$char_traits@D@std@@V?$allocator@D@2@@std@@@2@@2@U?$less@V?$basic_string@DU?$char_traits@D@std@@V?$allocator@D@2@@std@@@2@V?$allocator@V?$basic_string@DU?$char_traits@D@std@@V?$allocator@D@2@@std@@@2@@std@@IAEXPAU_Node@12@@Z 0040c9b0 f i FeatureHandler.obj
 0001:0000ba00       ?_Insert@?$_Tree@V?$basic_string@DU?$char_traits@D@std@@V?$allocator@D@2@@std@@U?$pair@$$CBV?$basic_string@DU?$char_traits@D@std@@V?$allocator@D@2@@std@@V12@@2@U_Kfn@?$map@V?$basic_string@DU?$char_traits@D@std@@V?$allocator@D@2@@std@@V12@U?$less@V?$basic_string@DU?$char_traits@D@std@@V?$allocator@D@2@@std@@@2@V?$allocator@V?$basic_string@DU?$char_traits@D@std@@V?$allocator@D@2@@std@@@2@@2@U?$less@V?$basic_string@DU?$char_traits@D@std@@V?$allocator@D@2@@std@@@2@V?$allocator@V?$basic_string@DU?$char_traits@D@std@@V?$allocator@D@2@@std@@@2@@std@@IAE?AViterator@12@PAU_Node@12@0ABU?$pair@$$CBV?$basic_string@DU?$char_traits@D@std@@V?$allocator@D@2@@std@@V12@@2@@Z 0040ca00 f i FeatureHandler.obj
 0001:0000bc70       ?_Dec@const_iterator@?$_Tree@V?$basic_string@DU?$char_traits@D@std@@V?$allocator@D@2@@std@@U?$pair@$$CBV?$basic_string@DU?$char_traits@D@std@@V?$allocator@D@2@@std@@V12@@2@U_Kfn@?$map@V?$basic_string@DU?$char_traits@D@std@@V?$allocator@D@2@@std@@V12@U?$less@V?$basic_string@DU?$char_traits@D@std@@V?$allocator@D@2@@std@@@2@V?$allocator@V?$basic_string@DU?$char_traits@D@std@@V?$allocator@D@2@@std@@@2@@2@U?$less@V?$basic_string@DU?$char_traits@D@std@@V?$allocator@D@2@@std@@@2@V?$allocator@V?$basic_string@DU?$char_traits@D@std@@V?$allocator@D@2@@std@@@2@@std@@QAEXXZ 0040cc70 f i FeatureHandler.obj
 0001:0000bcd0       ?_Inc@const_iterator@?$_Tree@V?$basic_string@DU?$char_traits@D@std@@V?$allocator@D@2@@std@@U?$pair@$$CBV?$basic_string@DU?$char_traits@D@std@@V?$allocator@D@2@@std@@V12@@2@U_Kfn@?$map@V?$basic_string@DU?$char_traits@D@std@@V?$allocator@D@2@@std@@V12@U?$less@V?$basic_string@DU?$char_traits@D@std@@V?$allocator@D@2@@std@@@2@V?$allocator@V?$basic_string@DU?$char_traits@D@std@@V?$allocator@D@2@@std@@@2@@2@U?$less@V?$basic_string@DU?$char_traits@D@std@@V?$allocator@D@2@@std@@@2@V?$allocator@V?$basic_string@DU?$char_traits@D@std@@V?$allocator@D@2@@std@@@2@@std@@QAEXXZ 0040ccd0 f i FeatureHandler.obj
 0001:0000bd20       ?_Construct@std@@YAXPAU?$pair@$$CBV?$basic_string@DU?$char_traits@D@std@@V?$allocator@D@2@@std@@V12@@1@ABU21@@Z 0040cd20 f i FeatureHandler.obj
 0001:0000be90       ??0CGaf@@QAE@XZ            0040ce90 f   Gaf.obj
 0001:0000c030       ??1CGaf@@QAE@XZ            0040d030 f   Gaf.obj
 0001:0000c0b0       ?GetGaf@CGaf@@QAEPAEPBD0H@Z 0040d0b0 f   Gaf.obj
 0001:0000c3e0       ?GetGaf@CGaf@@QAEPAEPBDH@Z 0040d3e0 f   Gaf.obj
 0001:0000c690       ?DecodeGaf@CGaf@@AAEPAEPAEPAU_GAFFRAMEDATA@1@@Z 0040d690 f   Gaf.obj
 0001:0000c810       ?PutGafs@CGaf@@AAEXPBD@Z   0040d810 f   Gaf.obj
 0001:0000c9e0       ?MakeLower@CGaf@@QAEXPAD@Z 0040d9e0 f   Gaf.obj
 0001:0000ca10       ?hash_function@@YAHPAXH@Z  0040da10 f   Gaf.obj
 0001:0000ca50       ?hash_compare@@YAHPAX0@Z   0040da50 f   Gaf.obj
 0001:0000ca90       ?hash_freea_alla@@YAXPAX@Z 0040da90 f   Gaf.obj
 0001:0000caa0       ?_Min@?$_Tree@V?$basic_string@DU?$char_traits@D@std@@V?$allocator@D@2@@std@@U?$pair@$$CBV?$basic_string@DU?$char_traits@D@std@@V?$allocator@D@2@@std@@UFileData@CHpiHandler@@@2@U_Kfn@?$map@V?$basic_string@DU?$char_traits@D@std@@V?$allocator@D@2@@std@@UFileData@CHpiHandler@@U?$less@V?$basic_string@DU?$char_traits@D@std@@V?$allocator@D@2@@std@@@2@V?$allocator@UFileData@CHpiHandler@@@2@@2@U?$less@V?$basic_string@DU?$char_traits@D@std@@V?$allocator@D@2@@std@@@2@V?$allocator@UFileData@CHpiHandler@@@2@@std@@KAPAU_Node@12@PAU312@@Z 0040daa0 f i Gaf.obj
 0001:0000cb40       ??0CGame@@QAE@_N@Z         0040db40 f   Game.obj
 0001:0000d380       ??0float3@@QAE@XZ          0040e380 f i Game.obj
 0001:0000d390       ??_GCGame@@UAEPAXI@Z       0040e390 f i Game.obj
 0001:0000d390       ??_ECGame@@UAEPAXI@Z       0040e390 f i Game.obj
 0001:0000d3b0       ??1CGame@@UAE@XZ           0040e3b0 f   Game.obj
 0001:0000d580       ?KeyPressed@CGame@@QAEHE@Z 0040e580 f   Game.obj
 0001:0000e540       ??_D?$basic_ifstream@DU?$char_traits@D@std@@@std@@QAEXXZ 0040f540 f i Game.obj
 0001:0000e560       ?KeyReleased@CGame@@QAEHE@Z 0040f560 f   Game.obj
 0001:0000e7f0       ?Update@CGame@@QAE_NXZ     0040f7f0 f   Game.obj
 0001:0000ea00       ?Draw@CGame@@QAE_NXZ       0040fa00 f   Game.obj
 0001:0000f030       ?StartPlaying@CGame@@QAEHXZ 00410030 f   Game.obj
 0001:0000f060       ?SimFrame@CGame@@QAEHXZ    00410060 f   Game.obj
 0001:0000f0e0       ?UpdateUI@CGame@@QAEXXZ    004100e0 f   Game.obj
 0001:0000f3f0       ??1?$basic_istream@DU?$char_traits@D@std@@@std@@UAE@XZ 004103f0 f i Game.obj
 0001:0000f400       ??1?$basic_ifstream@DU?$char_traits@D@std@@@std@@UAE@XZ 00410400 f i Game.obj
 0001:0000f500       ??_E?$basic_istream@DU?$char_traits@D@std@@@std@@UAEPAXI@Z 00410500 f i Game.obj
 0001:0000f500       ??_G?$basic_istream@DU?$char_traits@D@std@@@std@@UAEPAXI@Z 00410500 f i Game.obj
 0001:0000f530       ??_E?$basic_ifstream@DU?$char_traits@D@std@@@std@@UAEPAXI@Z 00410530 f i Game.obj
 0001:0000f530       ??_G?$basic_ifstream@DU?$char_traits@D@std@@@std@@UAEPAXI@Z 00410530 f i Game.obj
 0001:0000f560       ??0?$basic_istream@DU?$char_traits@D@std@@@std@@QAE@PAV?$basic_streambuf@DU?$char_traits@D@std@@@1@_N@Z 00410560 f i Game.obj
 0001:0000f610       ?open@?$basic_filebuf@DU?$char_traits@D@std@@@std@@QAEPAV12@PBDH@Z 00410610 f i Game.obj
 0001:0000f6e0       ?append@?$basic_string@DU?$char_traits@D@std@@V?$allocator@D@2@@std@@QAEAAV12@PBDI@Z 004106e0 f i Game.obj
 0001:0000f7a0       ??0?$basic_streambuf@DU?$char_traits@D@std@@@std@@IAE@XZ 004107a0 f i Game.obj
 0001:0000f820       ??Hstd@@YA?AV?$basic_string@DU?$char_traits@D@std@@V?$allocator@D@2@@0@ABV10@PBD@Z 00410820 f i Game.obj
 0001:0000f950       ?compare@?$basic_string@DU?$char_traits@D@std@@V?$allocator@D@2@@std@@QBEHIIPBDI@Z 00410950 f i Game.obj
 0001:0000fa00       ??0CglFont@@QAE@PAUHDC__@@HH@Z 00410a00 f   glFont.obj
 0001:00010130       ??_GCglFont@@UAEPAXI@Z     00411130 f i glFont.obj
 0001:00010130       ??_ECglFont@@UAEPAXI@Z     00411130 f i glFont.obj
 0001:00010180       ??1CglFont@@UAE@XZ         00411180 f   glFont.obj
 0001:000101b0       ?glPrint@CglFont@@QAAXPBDZZ 004111b0 f   glFont.obj
 0001:00010240       ?glWorldPrint@CglFont@@QAAXPBDZZ 00411240 f   glFont.obj
 0001:00010320       ?WorldChar@CglFont@@AAEHD@Z 00411320 f   glFont.obj
 0001:00010450       ?read@?$basic_istream@DU?$char_traits@D@std@@@std@@QAEAAV12@PADH@Z 00411450 f i glFont.obj
 0001:00010530       ?clear@?$basic_ios@DU?$char_traits@D@std@@@std@@QAEXH_N@Z 00411530 f i glFont.obj
 0001:00010550       ?ipfx@?$basic_istream@DU?$char_traits@D@std@@@std@@QAE_N_N@Z 00411550 f i glFont.obj
 0001:000107c0       ??Bid@locale@std@@QAEIXZ   004117c0 f i glFont.obj
 0001:000107e0       ??0?$ctype@D@std@@QAE@PBF_NI@Z 004117e0 f i glFont.obj
 0001:000108e0       ??1ctype_base@std@@UAE@XZ  004118e0 f i glFont.obj
 0001:000108f0       ?_Term@?$ctype@D@std@@KAXXZ 004118f0 f i glFont.obj
 0001:00010900       ?do_tolower@?$ctype@D@std@@MBEDD@Z 00411900 f i glFont.obj
 0001:00010920       ?do_tolower@?$ctype@D@std@@MBEPBDPADPBD@Z 00411920 f i glFont.obj
 0001:00010960       ?do_toupper@?$ctype@D@std@@MBEDD@Z 00411960 f i glFont.obj
 0001:00010980       ?do_toupper@?$ctype@D@std@@MBEPBDPADPBD@Z 00411980 f i glFont.obj
 0001:000109c0       ??_E?$ctype@D@std@@UAEPAXI@Z 004119c0 f i glFont.obj
 0001:000109c0       ??_G?$ctype@D@std@@UAEPAXI@Z 004119c0 f i glFont.obj
 0001:000109e0       ??1?$ctype@D@std@@UAE@XZ   004119e0 f i glFont.obj
 0001:00010a10       ?getloc@ios_base@std@@QBE?AVlocale@2@XZ 00411a10 f i glFont.obj
 0001:00010a40       ?sgetc@?$basic_streambuf@DU?$char_traits@D@std@@@std@@QAEHXZ 00411a40 f i glFont.obj
 0001:00010a60       ?init@?$basic_ios@DU?$char_traits@D@std@@@std@@IAEXPAV?$basic_streambuf@DU?$char_traits@D@std@@@2@_N@Z 00411a60 f i glFont.obj
 0001:00010ab0       ?_Save@?$_Tidyfac@V?$ctype@D@std@@@std@@SAPAV?$ctype@D@2@PAV32@@Z 00411ab0 f i glFont.obj
 0001:00010ae0       ?_Tidy@?$_Tidyfac@V?$ctype@D@std@@@std@@SAXXZ 00411ae0 f i glFont.obj
 0001:00010b80       ??1CglList@@UAE@XZ         00411b80 f   glList.obj
 0001:00010c80       ??_GCglList@@UAEPAXI@Z     00411c80 f i glList.obj
 0001:00010c80       ??_ECglList@@UAEPAXI@Z     00411c80 f i glList.obj
 0001:00010ca0       ??0CglList@@QAE@PADP6AXV?$basic_string@DU?$char_traits@D@std@@V?$allocator@D@2@@std@@@Z@Z 00411ca0 f   glList.obj
 0001:00010e80       ?AddItem@CglList@@QAEHPBD0@Z 00411e80 f   glList.obj
 0001:00010f80       ?Draw@CglList@@QAEHXZ      00411f80 f   glList.obj
 0001:000110f0       ?UpOne@CglList@@QAEHXZ     004120f0 f   glList.obj
 0001:00011100       ?DownOne@CglList@@QAEHXZ   00412100 f   glList.obj
 0001:00011150       ?Select@CglList@@QAEXXZ    00412150 f   glList.obj
 0001:000112b0       ??1?$vector@V?$basic_string@DU?$char_traits@D@std@@V?$allocator@D@2@@std@@V?$allocator@V?$basic_string@DU?$char_traits@D@std@@V?$allocator@D@2@@std@@@2@@std@@QAE@XZ 004122b0 f i glList.obj
 0001:00011310       ??A?$vector@V?$basic_string@DU?$char_traits@D@std@@V?$allocator@D@2@@std@@V?$allocator@V?$basic_string@DU?$char_traits@D@std@@V?$allocator@D@2@@std@@@2@@std@@QAEAAV?$basic_string@DU?$char_traits@D@std@@V?$allocator@D@2@@1@I@Z 00412310 f i glList.obj
 0001:00011320       ?insert@?$vector@V?$basic_string@DU?$char_traits@D@std@@V?$allocator@D@2@@std@@V?$allocator@V?$basic_string@DU?$char_traits@D@std@@V?$allocator@D@2@@std@@@2@@std@@QAEXPAV?$basic_string@DU?$char_traits@D@std@@V?$allocator@D@2@@2@IABV32@@Z 00412320 f i glList.obj
 0001:000115d0       ?_Construct@std@@YAXPAV?$basic_string@DU?$char_traits@D@std@@V?$allocator@D@2@@1@ABV21@@Z 004125d0 f i glList.obj
 0001:000117b0       ?myrand@@YAHXZ             004127b0 f   GlobalStuff.obj
 0001:000117e0       ??0CGlobalStuff@@QAE@XZ    004127e0 f   GlobalStuff.obj
 0001:00011a10       ??_ECGlobalStuff@@UAEPAXI@Z 00412a10 f i GlobalStuff.obj
 0001:00011a10       ??_GCGlobalStuff@@UAEPAXI@Z 00412a10 f i GlobalStuff.obj
 0001:00011a50       ??1CGlobalStuff@@UAE@XZ    00412a50 f   GlobalStuff.obj
 0001:00011ae0       ??0CGround@@QAE@XZ         00412ae0 f   Ground.obj
 0001:00011b40       ??_ECGround@@UAEPAXI@Z     00412b40 f i Ground.obj
 0001:00011b40       ??_GCGround@@UAEPAXI@Z     00412b40 f i Ground.obj
 0001:00011b60       ??1CGround@@UAE@XZ         00412b60 f   Ground.obj
 0001:00011be0       ?LineGroundCol@CGround@@QAEMABVfloat3@@0_N@Z 00412be0 f   Ground.obj
 0001:000120e0       ?LineGroundSquareCol@CGround@@AAEMABVfloat3@@0HH@Z 004130e0 f   Ground.obj
 0001:000124b0       ?GetHeight@CGround@@QAEMMM@Z 004134b0 f   Ground.obj
 0001:00012580       ?GetNormal@CGround@@QAEAAVfloat3@@MM@Z 00413580 f   Ground.obj
 0001:00012640       ?GetApproximateHeight@CGround@@QAEMMM@Z 00413640 f   Ground.obj
 0001:000126d0       ?GetSlope@CGround@@QAEMMM@Z 004136d0 f   Ground.obj
 0001:00012720       ?GetSmoothNormal@CGround@@QAE?AVfloat3@@MM@Z 00413720 f   Ground.obj
 0001:00012930       ?CheckTreeCol@CGround@@QAEMABVfloat3@@0HH@Z 00413930 f   Ground.obj
 0001:00013110       ?TestHinder@CGround@@QAE?AVfloat3@@AAV2@0MM@Z 00414110 f   Ground.obj
 0001:00013320       ?TestHinderSquare@CGround@@QAE?AVfloat3@@AAV2@0HHMMM@Z 00414320 f   Ground.obj
 0001:00013620       ?AddHinder@CGround@@QAEXAAVfloat3@@M@Z 00414620 f   Ground.obj
 0001:00013690       ??1SHinder@CGround@@QAE@XZ 00414690 f i Ground.obj
 0001:000136a0       ??1?$vector@USHinder@CGround@@V?$allocator@USHinder@CGround@@@std@@@std@@QAE@XZ 004146a0 f i Ground.obj
 0001:000136e0       ?insert@?$vector@USHinder@CGround@@V?$allocator@USHinder@CGround@@@std@@@std@@QAEXPAUSHinder@CGround@@IABU34@@Z 004146e0 f i Ground.obj
 0001:00013a80       ??0CGroundDrawer@@QAE@XZ   00414a80 f   GroundDrawer.obj
 0001:00013c70       ??_ECGroundDrawer@@UAEPAXI@Z 00414c70 f i GroundDrawer.obj
 0001:00013c70       ??_GCGroundDrawer@@UAEPAXI@Z 00414c70 f i GroundDrawer.obj
 0001:00013c90       ??1CGroundDrawer@@UAE@XZ   00414c90 f   GroundDrawer.obj
 0001:00013d30       ?Draw@CGroundDrawer@@QAEXXZ 00414d30 f   GroundDrawer.obj
 0001:00018d10       ??0float3@@QAE@MMM@Z       00419d10 f i GroundDrawer.obj
 0001:00018ed0       ?AddFrustumRestraint@CGroundDrawer@@IAEHVfloat3@@@Z 00419ed0 f   GroundDrawer.obj
 0001:00019020       ?PrepareTex@CGroundDrawer@@QAEXHAAVfloat3@@@Z 0041a020 f   GroundDrawer.obj
 0001:000192c0       ?MemBlit@CGroundDrawer@@QAEXPAE0HHH@Z 0041a2c0 f   GroundDrawer.obj
 0001:00019300       ?FillTexArea@CGroundDrawer@@QAEXHHHHH@Z 0041a300 f   GroundDrawer.obj
 0001:000198a0       ?MemBlitFeature@CGroundDrawer@@QAEXPAX0HHHH@Z 0041a8a0 f   GroundDrawer.obj
 0001:00019970       ??1?$vector@Ufline@CGroundDrawer@@V?$allocator@Ufline@CGroundDrawer@@@std@@@std@@QAE@XZ 0041a970 f i GroundDrawer.obj
 0001:000199a0       ?insert@?$vector@Ufline@CGroundDrawer@@V?$allocator@Ufline@CGroundDrawer@@@std@@@std@@QAEPAUfline@CGroundDrawer@@PAU34@ABU34@@Z 0041a9a0 f i GroundDrawer.obj
 0001:00019b50       ?_Destroy@?$vector@Ufline@CGroundDrawer@@V?$allocator@Ufline@CGroundDrawer@@@std@@@std@@IAEXPAUfline@CGroundDrawer@@0@Z 0041ab50 f i GroundDrawer.obj
 0001:00019b60       ?insert@?$vector@Ufline@CGroundDrawer@@V?$allocator@Ufline@CGroundDrawer@@@std@@@std@@QAEXPAUfline@CGroundDrawer@@IABU34@@Z 0041ab60 f i GroundDrawer.obj
 0001:00019da0       ?size@?$vector@Ufline@CGroundDrawer@@V?$allocator@Ufline@CGroundDrawer@@@std@@@std@@QBEIXZ 0041ada0 f i GroundDrawer.obj
 0001:00019dc0       ?_Ucopy@?$vector@Ufline@CGroundDrawer@@V?$allocator@Ufline@CGroundDrawer@@@std@@@std@@IAEPAUfline@CGroundDrawer@@PBU34@0PAU34@@Z 0041adc0 f i GroundDrawer.obj
 0001:00019e00       ?_Ufill@?$vector@Ufline@CGroundDrawer@@V?$allocator@Ufline@CGroundDrawer@@@std@@@std@@IAEXPAUfline@CGroundDrawer@@IABU34@@Z 0041ae00 f i GroundDrawer.obj
 0001:00019e30       ?copy@std@@YAPAUfline@CGroundDrawer@@PAU23@00@Z 0041ae30 f i GroundDrawer.obj
 0001:00019e60       ?_Construct@std@@YAXPAUfline@CGroundDrawer@@ABU23@@Z 0041ae60 f i GroundDrawer.obj
 0001:00019f00       ??0CGuiKeyReader@@QAE@PAD@Z 0041af00 f   GuiKeyReader.obj
 0001:0001a900       ??_ECGuiKeyReader@@UAEPAXI@Z 0041b900 f i GuiKeyReader.obj
 0001:0001a900       ??_GCGuiKeyReader@@UAEPAXI@Z 0041b900 f i GuiKeyReader.obj
 0001:0001a920       ??1?$map@HV?$basic_string@DU?$char_traits@D@std@@V?$allocator@D@2@@std@@U?$less@H@2@V?$allocator@V?$basic_string@DU?$char_traits@D@std@@V?$allocator@D@2@@std@@@2@@std@@QAE@XZ 0041b920 f i GuiKeyReader.obj
 0001:0001a9e0       ??1?$map@V?$basic_string@DU?$char_traits@D@std@@V?$allocator@D@2@@std@@HU?$less@V?$basic_string@DU?$char_traits@D@std@@V?$allocator@D@2@@std@@@2@V?$allocator@H@2@@std@@QAE@XZ 0041b9e0 f i GuiKeyReader.obj
 0001:0001aaa0       ??1CGuiKeyReader@@UAE@XZ   0041baa0 f   GuiKeyReader.obj
 0001:0001ac80       ?TranslateKey@CGuiKeyReader@@QAE?AV?$basic_string@DU?$char_traits@D@std@@V?$allocator@D@2@@std@@H@Z 0041bc80 f   GuiKeyReader.obj
 0001:0001ae00       ?CreateKeyNames@CGuiKeyReader@@IAEXXZ 0041be00 f   GuiKeyReader.obj
 0001:0001ca40       ?GetKey@CGuiKeyReader@@QAEHV?$basic_string@DU?$char_traits@D@std@@V?$allocator@D@2@@std@@@Z 0041da40 f   GuiKeyReader.obj
 0001:0001cbc0       ??0?$basic_string@DU?$char_traits@D@std@@V?$allocator@D@2@@std@@QAE@ABV?$allocator@D@1@@Z 0041dbc0 f i GuiKeyReader.obj
 0001:0001cbe0       ?end@?$basic_string@DU?$char_traits@D@std@@V?$allocator@D@2@@std@@QAEPADXZ 0041dbe0 f i GuiKeyReader.obj
 0001:0001cc70       ?getline@?$basic_istream@DU?$char_traits@D@std@@@std@@QAEAAV12@PADH@Z 0041dc70 f i GuiKeyReader.obj
 0001:0001cca0       ?peek@?$basic_istream@DU?$char_traits@D@std@@@std@@QAEHXZ 0041dca0 f i GuiKeyReader.obj
 0001:0001cd90       ??A?$map@V?$basic_string@DU?$char_traits@D@std@@V?$allocator@D@2@@std@@HU?$less@V?$basic_string@DU?$char_traits@D@std@@V?$allocator@D@2@@std@@@2@V?$allocator@H@2@@std@@QAEAAHABV?$basic_string@DU?$char_traits@D@std@@V?$allocator@D@2@@1@@Z 0041dd90 f i GuiKeyReader.obj
 0001:0001ce60       ??1?$pair@$$CBHV?$basic_string@DU?$char_traits@D@std@@V?$allocator@D@2@@std@@@std@@QAE@XZ 0041de60 f i GuiKeyReader.obj
 0001:0001cea0       ??1?$pair@$$CBV?$basic_string@DU?$char_traits@D@std@@V?$allocator@D@2@@std@@H@std@@QAE@XZ 0041dea0 f i GuiKeyReader.obj
 0001:0001cee0       ?widen@?$basic_ios@DU?$char_traits@D@std@@@std@@QBEDD@Z 0041dee0 f i GuiKeyReader.obj
 0001:0001d020       ??0?$basic_ios@DU?$char_traits@D@std@@@std@@IAE@XZ 0041e020 f i GuiKeyReader.obj
 0001:0001d030       ?getline@?$basic_istream@DU?$char_traits@D@std@@@std@@QAEAAV12@PADHD@Z 0041e030 f i GuiKeyReader.obj
 0001:0001d1f0       ?insert@?$map@HV?$basic_string@DU?$char_traits@D@std@@V?$allocator@D@2@@std@@U?$less@H@2@V?$allocator@V?$basic_string@DU?$char_traits@D@std@@V?$allocator@D@2@@std@@@2@@std@@QAE?AU?$pair@Viterator@?$_Tree@HU?$pair@$$CBHV?$basic_string@DU?$char_traits@D@std@@V?$allocator@D@2@@std@@@std@@U_Kfn@?$map@HV?$basic_string@DU?$char_traits@D@std@@V?$allocator@D@2@@std@@U?$less@H@2@V?$allocator@V?$basic_string@DU?$char_traits@D@std@@V?$allocator@D@2@@std@@@2@@2@U?$less@H@2@V?$allocator@V?$basic_string@DU?$char_traits@D@std@@V?$allocator@D@2@@std@@@2@@std@@_N@2@ABU?$pair@$$CBHV?$basic_string@DU?$char_traits@D@std@@V?$allocator@D@2@@std@@@2@@Z 0041e1f0 f i GuiKeyReader.obj
 0001:0001d2e0       ??0?$_Tree@HU?$pair@$$CBHV?$basic_string@DU?$char_traits@D@std@@V?$allocator@D@2@@std@@@std@@U_Kfn@?$map@HV?$basic_string@DU?$char_traits@D@std@@V?$allocator@D@2@@std@@U?$less@H@2@V?$allocator@V?$basic_string@DU?$char_traits@D@std@@V?$allocator@D@2@@std@@@2@@2@U?$less@H@2@V?$allocator@V?$basic_string@DU?$char_traits@D@std@@V?$allocator@D@2@@std@@@2@@std@@QAE@ABU?$less@H@1@_NABV?$allocator@V?$basic_string@DU?$char_traits@D@std@@V?$allocator@D@2@@std@@@1@@Z 0041e2e0 f i GuiKeyReader.obj
 0001:0001d310       ?begin@?$_Tree@HU?$pair@$$CBHV?$basic_string@DU?$char_traits@D@std@@V?$allocator@D@2@@std@@@std@@U_Kfn@?$map@HV?$basic_string@DU?$char_traits@D@std@@V?$allocator@D@2@@std@@U?$less@H@2@V?$allocator@V?$basic_string@DU?$char_traits@D@std@@V?$allocator@D@2@@std@@@2@@2@U?$less@H@2@V?$allocator@V?$basic_string@DU?$char_traits@D@std@@V?$allocator@D@2@@std@@@2@@std@@QAE?AViterator@12@XZ 0041e310 f i GuiKeyReader.obj
 0001:0001d320       ??0?$pair@$$CBHV?$basic_string@DU?$char_traits@D@std@@V?$allocator@D@2@@std@@@std@@QAE@ABHABV?$basic_string@DU?$char_traits@D@std@@V?$allocator@D@2@@1@@Z 0041e320 f i GuiKeyReader.obj
 0001:0001d450       ?insert@?$map@V?$basic_string@DU?$char_traits@D@std@@V?$allocator@D@2@@std@@HU?$less@V?$basic_string@DU?$char_traits@D@std@@V?$allocator@D@2@@std@@@2@V?$allocator@H@2@@std@@QAE?AU?$pair@Viterator@?$_Tree@V?$basic_string@DU?$char_traits@D@std@@V?$allocator@D@2@@std@@U?$pair@$$CBV?$basic_string@DU?$char_traits@D@std@@V?$allocator@D@2@@std@@H@2@U_Kfn@?$map@V?$basic_string@DU?$char_traits@D@std@@V?$allocator@D@2@@std@@HU?$less@V?$basic_string@DU?$char_traits@D@std@@V?$allocator@D@2@@std@@@2@V?$allocator@H@2@@2@U?$less@V?$basic_string@DU?$char_traits@D@std@@V?$allocator@D@2@@std@@@2@V?$allocator@H@2@@std@@_N@2@ABU?$pair@$$CBV?$basic_string@DU?$char_traits@D@std@@V?$allocator@D@2@@std@@H@2@@Z 0041e450 f i GuiKeyReader.obj
 0001:0001d550       ??0?$_Tree@V?$basic_string@DU?$char_traits@D@std@@V?$allocator@D@2@@std@@U?$pair@$$CBV?$basic_string@DU?$char_traits@D@std@@V?$allocator@D@2@@std@@H@2@U_Kfn@?$map@V?$basic_string@DU?$char_traits@D@std@@V?$allocator@D@2@@std@@HU?$less@V?$basic_string@DU?$char_traits@D@std@@V?$allocator@D@2@@std@@@2@V?$allocator@H@2@@2@U?$less@V?$basic_string@DU?$char_traits@D@std@@V?$allocator@D@2@@std@@@2@V?$allocator@H@2@@std@@QAE@ABU?$less@V?$basic_string@DU?$char_traits@D@std@@V?$allocator@D@2@@std@@@1@_NABV?$allocator@H@1@@Z 0041e550 f i GuiKeyReader.obj
 0001:0001d580       ?begin@?$_Tree@V?$basic_string@DU?$char_traits@D@std@@V?$allocator@D@2@@std@@U?$pair@$$CBV?$basic_string@DU?$char_traits@D@std@@V?$allocator@D@2@@std@@H@2@U_Kfn@?$map@V?$basic_string@DU?$char_traits@D@std@@V?$allocator@D@2@@std@@HU?$less@V?$basic_string@DU?$char_traits@D@std@@V?$allocator@D@2@@std@@@2@V?$allocator@H@2@@2@U?$less@V?$basic_string@DU?$char_traits@D@std@@V?$allocator@D@2@@std@@@2@V?$allocator@H@2@@std@@QAE?AViterator@12@XZ 0041e580 f i GuiKeyReader.obj
 0001:0001d590       ??0?$pair@$$CBV?$basic_string@DU?$char_traits@D@std@@V?$allocator@D@2@@std@@H@std@@QAE@ABV?$basic_string@DU?$char_traits@D@std@@V?$allocator@D@2@@1@ABH@Z 0041e590 f i GuiKeyReader.obj
 0001:0001d6d0       ?insert@?$_Tree@HU?$pair@$$CBHV?$basic_string@DU?$char_traits@D@std@@V?$allocator@D@2@@std@@@std@@U_Kfn@?$map@HV?$basic_string@DU?$char_traits@D@std@@V?$allocator@D@2@@std@@U?$less@H@2@V?$allocator@V?$basic_string@DU?$char_traits@D@std@@V?$allocator@D@2@@std@@@2@@2@U?$less@H@2@V?$allocator@V?$basic_string@DU?$char_traits@D@std@@V?$allocator@D@2@@std@@@2@@std@@QAE?AU?$pair@Viterator@?$_Tree@HU?$pair@$$CBHV?$basic_string@DU?$char_traits@D@std@@V?$allocator@D@2@@std@@@std@@U_Kfn@?$map@HV?$basic_string@DU?$char_traits@D@std@@V?$allocator@D@2@@std@@U?$less@H@2@V?$allocator@V?$basic_string@DU?$char_traits@D@std@@V?$allocator@D@2@@std@@@2@@2@U?$less@H@2@V?$allocator@V?$basic_string@DU?$char_traits@D@std@@V?$allocator@D@2@@std@@@2@@std@@_N@2@ABU?$pair@$$CBHV?$basic_string@DU?$char_traits@D@std@@V?$allocator@D@2@@std@@@2@@Z 0041e6d0 f i GuiKeyReader.obj
 0001:0001d910       ?erase@?$_Tree@HU?$pair@$$CBHV?$basic_string@DU?$char_traits@D@std@@V?$allocator@D@2@@std@@@std@@U_Kfn@?$map@HV?$basic_string@DU?$char_traits@D@std@@V?$allocator@D@2@@std@@U?$less@H@2@V?$allocator@V?$basic_string@DU?$char_traits@D@std@@V?$allocator@D@2@@std@@@2@@2@U?$less@H@2@V?$allocator@V?$basic_string@DU?$char_traits@D@std@@V?$allocator@D@2@@std@@@2@@std@@QAE?AViterator@12@V312@@Z 0041e910 f i GuiKeyReader.obj
 0001:0001dd10       ?_Erase@?$_Tree@HU?$pair@$$CBHV?$basic_string@DU?$char_traits@D@std@@V?$allocator@D@2@@std@@@std@@U_Kfn@?$map@HV?$basic_string@DU?$char_traits@D@std@@V?$allocator@D@2@@std@@U?$less@H@2@V?$allocator@V?$basic_string@DU?$char_traits@D@std@@V?$allocator@D@2@@std@@@2@@2@U?$less@H@2@V?$allocator@V?$basic_string@DU?$char_traits@D@std@@V?$allocator@D@2@@std@@@2@@std@@IAEXPAU_Node@12@@Z 0041ed10 f i GuiKeyReader.obj
 0001:0001dd60       ?_Init@?$_Tree@HU?$pair@$$CBHV?$basic_string@DU?$char_traits@D@std@@V?$allocator@D@2@@std@@@std@@U_Kfn@?$map@HV?$basic_string@DU?$char_traits@D@std@@V?$allocator@D@2@@std@@U?$less@H@2@V?$allocator@V?$basic_string@DU?$char_traits@D@std@@V?$allocator@D@2@@std@@@2@@2@U?$less@H@2@V?$allocator@V?$basic_string@DU?$char_traits@D@std@@V?$allocator@D@2@@std@@@2@@std@@IAEXXZ 0041ed60 f i GuiKeyReader.obj
 0001:0001dde0       ??Eiterator@?$_Tree@HU?$pair@$$CBHV?$basic_string@DU?$char_traits@D@std@@V?$allocator@D@2@@std@@@std@@U_Kfn@?$map@HV?$basic_string@DU?$char_traits@D@std@@V?$allocator@D@2@@std@@U?$less@H@2@V?$allocator@V?$basic_string@DU?$char_traits@D@std@@V?$allocator@D@2@@std@@@2@@2@U?$less@H@2@V?$allocator@V?$basic_string@DU?$char_traits@D@std@@V?$allocator@D@2@@std@@@2@@std@@QAE?AV012@H@Z 0041ede0 f i GuiKeyReader.obj
 0001:0001de40       ?insert@?$_Tree@V?$basic_string@DU?$char_traits@D@std@@V?$allocator@D@2@@std@@U?$pair@$$CBV?$basic_string@DU?$char_traits@D@std@@V?$allocator@D@2@@std@@H@2@U_Kfn@?$map@V?$basic_string@DU?$char_traits@D@std@@V?$allocator@D@2@@std@@HU?$less@V?$basic_string@DU?$char_traits@D@std@@V?$allocator@D@2@@std@@@2@V?$allocator@H@2@@2@U?$less@V?$basic_string@DU?$char_traits@D@std@@V?$allocator@D@2@@std@@@2@V?$allocator@H@2@@std@@QAE?AU?$pair@Viterator@?$_Tree@V?$basic_string@DU?$char_traits@D@std@@V?$allocator@D@2@@std@@U?$pair@$$CBV?$basic_string@DU?$char_traits@D@std@@V?$allocator@D@2@@std@@H@2@U_Kfn@?$map@V?$basic_string@DU?$char_traits@D@std@@V?$allocator@D@2@@std@@HU?$less@V?$basic_string@DU?$char_traits@D@std@@V?$allocator@D@2@@std@@@2@V?$allocator@H@2@@2@U?$less@V?$basic_string@DU?$char_traits@D@std@@V?$allocator@D@2@@std@@@2@V?$allocator@H@2@@std@@_N@2@ABU?$pair@$$CBV?$basic_string@DU?$char_traits@D@std@@V?$allocator@D@2@@std@@H@2@@Z 0041ee40 f i GuiKeyReader.obj
 0001:0001e0a0       ?erase@?$_Tree@V?$basic_string@DU?$char_traits@D@std@@V?$allocator@D@2@@std@@U?$pair@$$CBV?$basic_string@DU?$char_traits@D@std@@V?$allocator@D@2@@std@@H@2@U_Kfn@?$map@V?$basic_string@DU?$char_traits@D@std@@V?$allocator@D@2@@std@@HU?$less@V?$basic_string@DU?$char_traits@D@std@@V?$allocator@D@2@@std@@@2@V?$allocator@H@2@@2@U?$less@V?$basic_string@DU?$char_traits@D@std@@V?$allocator@D@2@@std@@@2@V?$allocator@H@2@@std@@QAE?AViterator@12@V312@@Z 0041f0a0 f i GuiKeyReader.obj
 0001:0001e4a0       ?_Erase@?$_Tree@V?$basic_string@DU?$char_traits@D@std@@V?$allocator@D@2@@std@@U?$pair@$$CBV?$basic_string@DU?$char_traits@D@std@@V?$allocator@D@2@@std@@H@2@U_Kfn@?$map@V?$basic_string@DU?$char_traits@D@std@@V?$allocator@D@2@@std@@HU?$less@V?$basic_string@DU?$char_traits@D@std@@V?$allocator@D@2@@std@@@2@V?$allocator@H@2@@2@U?$less@V?$basic_string@DU?$char_traits@D@std@@V?$allocator@D@2@@std@@@2@V?$allocator@H@2@@std@@IAEXPAU_Node@12@@Z 0041f4a0 f i GuiKeyReader.obj
 0001:0001e4f0       ?_Init@?$_Tree@V?$basic_string@DU?$char_traits@D@std@@V?$allocator@D@2@@std@@U?$pair@$$CBV?$basic_string@DU?$char_traits@D@std@@V?$allocator@D@2@@std@@H@2@U_Kfn@?$map@V?$basic_string@DU?$char_traits@D@std@@V?$allocator@D@2@@std@@HU?$less@V?$basic_string@DU?$char_traits@D@std@@V?$allocator@D@2@@std@@@2@V?$allocator@H@2@@2@U?$less@V?$basic_string@DU?$char_traits@D@std@@V?$allocator@D@2@@std@@@2@V?$allocator@H@2@@std@@IAEXXZ 0041f4f0 f i GuiKeyReader.obj
 0001:0001e570       ??Eiterator@?$_Tree@V?$basic_string@DU?$char_traits@D@std@@V?$allocator@D@2@@std@@U?$pair@$$CBV?$basic_string@DU?$char_traits@D@std@@V?$allocator@D@2@@std@@H@2@U_Kfn@?$map@V?$basic_string@DU?$char_traits@D@std@@V?$allocator@D@2@@std@@HU?$less@V?$basic_string@DU?$char_traits@D@std@@V?$allocator@D@2@@std@@@2@V?$allocator@H@2@@2@U?$less@V?$basic_string@DU?$char_traits@D@std@@V?$allocator@D@2@@std@@@2@V?$allocator@H@2@@std@@QAE?AV012@H@Z 0041f570 f i GuiKeyReader.obj
 0001:0001e5d0       ??0?$pair@Viterator@?$_Tree@V?$basic_string@DU?$char_traits@D@std@@V?$allocator@D@2@@std@@U?$pair@$$CBV?$basic_string@DU?$char_traits@D@std@@V?$allocator@D@2@@std@@H@2@U_Kfn@?$map@V?$basic_string@DU?$char_traits@D@std@@V?$allocator@D@2@@std@@HU?$less@V?$basic_string@DU?$char_traits@D@std@@V?$allocator@D@2@@std@@@2@V?$allocator@H@2@@2@U?$less@V?$basic_string@DU?$char_traits@D@std@@V?$allocator@D@2@@std@@@2@V?$allocator@H@2@@std@@_N@std@@QAE@ABViterator@?$_Tree@V?$basic_string@DU?$char_traits@D@std@@V?$allocator@D@2@@std@@U?$pair@$$CBV?$basic_string@DU?$char_traits@D@std@@V?$allocator@D@2@@std@@H@2@U_Kfn@?$map@V?$basic_string@DU?$char_traits@D@std@@V?$allocator@D@2@@std@@HU?$less@V?$basic_string@DU?$char_traits@D@std@@V?$allocator@D@2@@std@@@2@V?$allocator@H@2@@2@U?$less@V?$basic_string@DU?$char_traits@D@std@@V?$allocator@D@2@@std@@@2@V?$allocator@H@2@@1@AB_N@Z 0041f5d0 f i GuiKeyReader.obj
 0001:0001e5f0       ?_Insert@?$_Tree@HU?$pair@$$CBHV?$basic_string@DU?$char_traits@D@std@@V?$allocator@D@2@@std@@@std@@U_Kfn@?$map@HV?$basic_string@DU?$char_traits@D@std@@V?$allocator@D@2@@std@@U?$less@H@2@V?$allocator@V?$basic_string@DU?$char_traits@D@std@@V?$allocator@D@2@@std@@@2@@2@U?$less@H@2@V?$allocator@V?$basic_string@DU?$char_traits@D@std@@V?$allocator@D@2@@std@@@2@@std@@IAE?AViterator@12@PAU_Node@12@0ABU?$pair@$$CBHV?$basic_string@DU?$char_traits@D@std@@V?$allocator@D@2@@std@@@2@@Z 0041f5f0 f i GuiKeyReader.obj
 0001:0001e860       ?_Lrotate@?$_Tree@HU?$pair@$$CBHV?$basic_string@DU?$char_traits@D@std@@V?$allocator@D@2@@std@@@std@@U_Kfn@?$map@HV?$basic_string@DU?$char_traits@D@std@@V?$allocator@D@2@@std@@U?$less@H@2@V?$allocator@V?$basic_string@DU?$char_traits@D@std@@V?$allocator@D@2@@std@@@2@@2@U?$less@H@2@V?$allocator@V?$basic_string@DU?$char_traits@D@std@@V?$allocator@D@2@@std@@@2@@std@@IAEXPAU_Node@12@@Z 0041f860 f i GuiKeyReader.obj
 0001:0001e8c0       ?_Rrotate@?$_Tree@HU?$pair@$$CBHV?$basic_string@DU?$char_traits@D@std@@V?$allocator@D@2@@std@@@std@@U_Kfn@?$map@HV?$basic_string@DU?$char_traits@D@std@@V?$allocator@D@2@@std@@U?$less@H@2@V?$allocator@V?$basic_string@DU?$char_traits@D@std@@V?$allocator@D@2@@std@@@2@@2@U?$less@H@2@V?$allocator@V?$basic_string@DU?$char_traits@D@std@@V?$allocator@D@2@@std@@@2@@std@@IAEXPAU_Node@12@@Z 0041f8c0 f i GuiKeyReader.obj
 0001:0001e920       ?_Buynode@?$_Tree@HU?$pair@$$CBHV?$basic_string@DU?$char_traits@D@std@@V?$allocator@D@2@@std@@@std@@U_Kfn@?$map@HV?$basic_string@DU?$char_traits@D@std@@V?$allocator@D@2@@std@@U?$less@H@2@V?$allocator@V?$basic_string@DU?$char_traits@D@std@@V?$allocator@D@2@@std@@@2@@2@U?$less@H@2@V?$allocator@V?$basic_string@DU?$char_traits@D@std@@V?$allocator@D@2@@std@@@2@@std@@IAEPAU_Node@12@PAU312@W4_Redbl@12@@Z 0041f920 f i GuiKeyReader.obj
 0001:0001e940       ?_Insert@?$_Tree@V?$basic_string@DU?$char_traits@D@std@@V?$allocator@D@2@@std@@U?$pair@$$CBV?$basic_string@DU?$char_traits@D@std@@V?$allocator@D@2@@std@@H@2@U_Kfn@?$map@V?$basic_string@DU?$char_traits@D@std@@V?$allocator@D@2@@std@@HU?$less@V?$basic_string@DU?$char_traits@D@std@@V?$allocator@D@2@@std@@@2@V?$allocator@H@2@@2@U?$less@V?$basic_string@DU?$char_traits@D@std@@V?$allocator@D@2@@std@@@2@V?$allocator@H@2@@std@@IAE?AViterator@12@PAU_Node@12@0ABU?$pair@$$CBV?$basic_string@DU?$char_traits@D@std@@V?$allocator@D@2@@std@@H@2@@Z 0041f940 f i GuiKeyReader.obj
 0001:0001ebb0       ?_Lrotate@?$_Tree@V?$basic_string@DU?$char_traits@D@std@@V?$allocator@D@2@@std@@U?$pair@$$CBV?$basic_string@DU?$char_traits@D@std@@V?$allocator@D@2@@std@@H@2@U_Kfn@?$map@V?$basic_string@DU?$char_traits@D@std@@V?$allocator@D@2@@std@@HU?$less@V?$basic_string@DU?$char_traits@D@std@@V?$allocator@D@2@@std@@@2@V?$allocator@H@2@@2@U?$less@V?$basic_string@DU?$char_traits@D@std@@V?$allocator@D@2@@std@@@2@V?$allocator@H@2@@std@@IAEXPAU_Node@12@@Z 0041fbb0 f i GuiKeyReader.obj
 0001:0001ec10       ?_Rrotate@?$_Tree@V?$basic_string@DU?$char_traits@D@std@@V?$allocator@D@2@@std@@U?$pair@$$CBV?$basic_string@DU?$char_traits@D@std@@V?$allocator@D@2@@std@@H@2@U_Kfn@?$map@V?$basic_string@DU?$char_traits@D@std@@V?$allocator@D@2@@std@@HU?$less@V?$basic_string@DU?$char_traits@D@std@@V?$allocator@D@2@@std@@@2@V?$allocator@H@2@@2@U?$less@V?$basic_string@DU?$char_traits@D@std@@V?$allocator@D@2@@std@@@2@V?$allocator@H@2@@std@@IAEXPAU_Node@12@@Z 0041fc10 f i GuiKeyReader.obj
 0001:0001ec70       ?_Buynode@?$_Tree@V?$basic_string@DU?$char_traits@D@std@@V?$allocator@D@2@@std@@U?$pair@$$CBV?$basic_string@DU?$char_traits@D@std@@V?$allocator@D@2@@std@@H@2@U_Kfn@?$map@V?$basic_string@DU?$char_traits@D@std@@V?$allocator@D@2@@std@@HU?$less@V?$basic_string@DU?$char_traits@D@std@@V?$allocator@D@2@@std@@@2@V?$allocator@H@2@@2@U?$less@V?$basic_string@DU?$char_traits@D@std@@V?$allocator@D@2@@std@@@2@V?$allocator@H@2@@std@@IAEPAU_Node@12@PAU312@W4_Redbl@12@@Z 0041fc70 f i GuiKeyReader.obj
 0001:0001ec90       ?_Dec@const_iterator@?$_Tree@HU?$pair@$$CBHV?$basic_string@DU?$char_traits@D@std@@V?$allocator@D@2@@std@@@std@@U_Kfn@?$map@HV?$basic_string@DU?$char_traits@D@std@@V?$allocator@D@2@@std@@U?$less@H@2@V?$allocator@V?$basic_string@DU?$char_traits@D@std@@V?$allocator@D@2@@std@@@2@@2@U?$less@H@2@V?$allocator@V?$basic_string@DU?$char_traits@D@std@@V?$allocator@D@2@@std@@@2@@std@@QAEXXZ 0041fc90 f i GuiKeyReader.obj
 0001:0001ecf0       ?_Inc@const_iterator@?$_Tree@HU?$pair@$$CBHV?$basic_string@DU?$char_traits@D@std@@V?$allocator@D@2@@std@@@std@@U_Kfn@?$map@HV?$basic_string@DU?$char_traits@D@std@@V?$allocator@D@2@@std@@U?$less@H@2@V?$allocator@V?$basic_string@DU?$char_traits@D@std@@V?$allocator@D@2@@std@@@2@@2@U?$less@H@2@V?$allocator@V?$basic_string@DU?$char_traits@D@std@@V?$allocator@D@2@@std@@@2@@std@@QAEXXZ 0041fcf0 f i GuiKeyReader.obj
 0001:0001ed40       ?_Dec@const_iterator@?$_Tree@V?$basic_string@DU?$char_traits@D@std@@V?$allocator@D@2@@std@@U?$pair@$$CBV?$basic_string@DU?$char_traits@D@std@@V?$allocator@D@2@@std@@H@2@U_Kfn@?$map@V?$basic_string@DU?$char_traits@D@std@@V?$allocator@D@2@@std@@HU?$less@V?$basic_string@DU?$char_traits@D@std@@V?$allocator@D@2@@std@@@2@V?$allocator@H@2@@2@U?$less@V?$basic_string@DU?$char_traits@D@std@@V?$allocator@D@2@@std@@@2@V?$allocator@H@2@@std@@QAEXXZ 0041fd40 f i GuiKeyReader.obj
 0001:0001eda0       ?_Inc@const_iterator@?$_Tree@V?$basic_string@DU?$char_traits@D@std@@V?$allocator@D@2@@std@@U?$pair@$$CBV?$basic_string@DU?$char_traits@D@std@@V?$allocator@D@2@@std@@H@2@U_Kfn@?$map@V?$basic_string@DU?$char_traits@D@std@@V?$allocator@D@2@@std@@HU?$less@V?$basic_string@DU?$char_traits@D@std@@V?$allocator@D@2@@std@@@2@V?$allocator@H@2@@2@U?$less@V?$basic_string@DU?$char_traits@D@std@@V?$allocator@D@2@@std@@@2@V?$allocator@H@2@@std@@QAEXXZ 0041fda0 f i GuiKeyReader.obj
 0001:0001edf0       ??5std@@YAAAV?$basic_istream@DU?$char_traits@D@std@@@0@AAV10@PAD@Z 0041fdf0 f i GuiKeyReader.obj
 0001:0001f010       ?sbumpc@?$basic_streambuf@DU?$char_traits@D@std@@@std@@QAEHXZ 00420010 f i GuiKeyReader.obj
 0001:0001f050       ??Hstd@@YA?AV?$basic_string@DU?$char_traits@D@std@@V?$allocator@D@2@@0@ABV10@D@Z 00420050 f i GuiKeyReader.obj
 0001:0001f160       ??Hstd@@YA?AV?$basic_string@DU?$char_traits@D@std@@V?$allocator@D@2@@0@ABV10@0@Z 00420160 f i GuiKeyReader.obj
 0001:0001f290       ?_Construct@std@@YAXPAU?$pair@$$CBHV?$basic_string@DU?$char_traits@D@std@@V?$allocator@D@2@@std@@@1@ABU21@@Z 00420290 f i GuiKeyReader.obj
 0001:0001f400       ?_Construct@std@@YAXPAU?$pair@$$CBV?$basic_string@DU?$char_traits@D@std@@V?$allocator@D@2@@std@@H@1@ABU21@@Z 00420400 f i GuiKeyReader.obj
 0001:0001f590       ?hash_new@@YAPAUhashtab@@HP6AHPAXH@ZP6AH00@Z@Z 00420590 f   hash.obj
 0001:0001f620       ?hash_free@@YAXPAUhashtab@@@Z 00420620 f   hash.obj
 0001:0001f670       ?hash_insert@@YAHPAXPAUhashtab@@@Z 00420670 f   hash.obj
 0001:0001f850       ?hash_search@@YAPAXPAXPAUhashtab@@@Z 00420850 f   hash.obj
 0001:0001f8a0       ?hash_remove@@YAPAXPAXPAUhashtab@@@Z 004208a0 f   hash.obj
 0001:0001f910       ?hash_cardinal@@YAHPAUhashtab@@@Z 00420910 f   hash.obj
 0001:0001f920       ?hash_for_each@@YAXP6AXPAX@ZPAUhashtab@@@Z 00420920 f   hash.obj
 0001:0001f960       ??0CHpiHandler@@QAE@XZ     00420960 f   HpiHandler.obj
 0001:0001fe50       ??_ECHpiHandler@@UAEPAXI@Z 00420e50 f i HpiHandler.obj
 0001:0001fe50       ??_GCHpiHandler@@UAEPAXI@Z 00420e50 f i HpiHandler.obj
 0001:0001fe70       ??1?$map@V?$basic_string@DU?$char_traits@D@std@@V?$allocator@D@2@@std@@UFileData@CHpiHandler@@U?$less@V?$basic_string@DU?$char_traits@D@std@@V?$allocator@D@2@@std@@@2@V?$allocator@UFileData@CHpiHandler@@@2@@std@@QAE@XZ 00420e70 f i HpiHandler.obj
 0001:0001ff30       ??1CHpiHandler@@UAE@XZ     00420f30 f   HpiHandler.obj
 0001:00020000       ?GetFileSize@CHpiHandler@@QAEHV?$basic_string@DU?$char_traits@D@std@@V?$allocator@D@2@@std@@@Z 00421000 f   HpiHandler.obj
 0001:000201d0       ?LoadFile@CHpiHandler@@QAEHV?$basic_string@DU?$char_traits@D@std@@V?$allocator@D@2@@std@@PAX@Z 004211d0 f   HpiHandler.obj
 0001:00020440       ?FindHpiFiles@CHpiHandler@@QAEXV?$basic_string@DU?$char_traits@D@std@@V?$allocator@D@2@@std@@0@Z 00421440 f   HpiHandler.obj
 0001:00020610       ?SearchHpiFile@CHpiHandler@@AAEXPAD@Z 00421610 f   HpiHandler.obj
 0001:00020690       ?RegisterFile@CHpiHandler@@AAEXPAD0H@Z 00421690 f   HpiHandler.obj
 0001:00020910       ??1FileData@CHpiHandler@@QAE@XZ 00421910 f i HpiHandler.obj
 0001:00020950       ?MakeLower@CHpiHandler@@QAEXAAV?$basic_string@DU?$char_traits@D@std@@V?$allocator@D@2@@std@@@Z 00421950 f   HpiHandler.obj
 0001:00020a70       ?MakeLower@CHpiHandler@@QAEXPAD@Z 00421a70 f   HpiHandler.obj
 0001:00020aa0       ??1?$pair@$$CBV?$basic_string@DU?$char_traits@D@std@@V?$allocator@D@2@@std@@UFileData@CHpiHandler@@@std@@QAE@XZ 00421aa0 f i HpiHandler.obj
 0001:00020b10       ?insert@?$map@V?$basic_string@DU?$char_traits@D@std@@V?$allocator@D@2@@std@@UFileData@CHpiHandler@@U?$less@V?$basic_string@DU?$char_traits@D@std@@V?$allocator@D@2@@std@@@2@V?$allocator@UFileData@CHpiHandler@@@2@@std@@QAE?AU?$pair@Viterator@?$_Tree@V?$basic_string@DU?$char_traits@D@std@@V?$allocator@D@2@@std@@U?$pair@$$CBV?$basic_string@DU?$char_traits@D@std@@V?$allocator@D@2@@std@@UFileData@CHpiHandler@@@2@U_Kfn@?$map@V?$basic_string@DU?$char_traits@D@std@@V?$allocator@D@2@@std@@UFileData@CHpiHandler@@U?$less@V?$basic_string@DU?$char_traits@D@std@@V?$allocator@D@2@@std@@@2@V?$allocator@UFileData@CHpiHandler@@@2@@2@U?$less@V?$basic_string@DU?$char_traits@D@std@@V?$allocator@D@2@@std@@@2@V?$allocator@UFileData@CHpiHandler@@@2@@std@@_N@2@ABU?$pair@$$CBV?$basic_string@DU?$char_traits@D@std@@V?$allocator@D@2@@std@@UFileData@CHpiHandler@@@2@@Z 00421b10 f i HpiHandler.obj
 0001:00020c10       ?begin@?$_Tree@V?$basic_string@DU?$char_traits@D@std@@V?$allocator@D@2@@std@@U?$pair@$$CBV?$basic_string@DU?$char_traits@D@std@@V?$allocator@D@2@@std@@UFileData@CHpiHandler@@@2@U_Kfn@?$map@V?$basic_string@DU?$char_traits@D@std@@V?$allocator@D@2@@std@@UFileData@CHpiHandler@@U?$less@V?$basic_string@DU?$char_traits@D@std@@V?$allocator@D@2@@std@@@2@V?$allocator@UFileData@CHpiHandler@@@2@@2@U?$less@V?$basic_string@DU?$char_traits@D@std@@V?$allocator@D@2@@std@@@2@V?$allocator@UFileData@CHpiHandler@@@2@@std@@QAE?AViterator@12@XZ 00421c10 f i HpiHandler.obj
 0001:00020c20       ?find@?$_Tree@V?$basic_string@DU?$char_traits@D@std@@V?$allocator@D@2@@std@@U?$pair@$$CBV?$basic_string@DU?$char_traits@D@std@@V?$allocator@D@2@@std@@UFileData@CHpiHandler@@@2@U_Kfn@?$map@V?$basic_string@DU?$char_traits@D@std@@V?$allocator@D@2@@std@@UFileData@CHpiHandler@@U?$less@V?$basic_string@DU?$char_traits@D@std@@V?$allocator@D@2@@std@@@2@V?$allocator@UFileData@CHpiHandler@@@2@@2@U?$less@V?$basic_string@DU?$char_traits@D@std@@V?$allocator@D@2@@std@@@2@V?$allocator@UFileData@CHpiHandler@@@2@@std@@QAE?AViterator@12@ABV?$basic_string@DU?$char_traits@D@std@@V?$allocator@D@2@@2@@Z 00421c20 f i HpiHandler.obj
 0001:00020cd0       ??0?$pair@$$CBV?$basic_string@DU?$char_traits@D@std@@V?$allocator@D@2@@std@@UFileData@CHpiHandler@@@std@@QAE@ABV?$basic_string@DU?$char_traits@D@std@@V?$allocator@D@2@@1@ABUFileData@CHpiHandler@@@Z 00421cd0 f i HpiHandler.obj
 0001:00020df0       ??0FileData@CHpiHandler@@QAE@ABU01@@Z 00421df0 f i HpiHandler.obj
 0001:00020f20       ?insert@?$_Tree@V?$basic_string@DU?$char_traits@D@std@@V?$allocator@D@2@@std@@U?$pair@$$CBV?$basic_string@DU?$char_traits@D@std@@V?$allocator@D@2@@std@@UFileData@CHpiHandler@@@2@U_Kfn@?$map@V?$basic_string@DU?$char_traits@D@std@@V?$allocator@D@2@@std@@UFileData@CHpiHandler@@U?$less@V?$basic_string@DU?$char_traits@D@std@@V?$allocator@D@2@@std@@@2@V?$allocator@UFileData@CHpiHandler@@@2@@2@U?$less@V?$basic_string@DU?$char_traits@D@std@@V?$allocator@D@2@@std@@@2@V?$allocator@UFileData@CHpiHandler@@@2@@std@@QAE?AU?$pair@Viterator@?$_Tree@V?$basic_string@DU?$char_traits@D@std@@V?$allocator@D@2@@std@@U?$pair@$$CBV?$basic_string@DU?$char_traits@D@std@@V?$allocator@D@2@@std@@UFileData@CHpiHandler@@@2@U_Kfn@?$map@V?$basic_string@DU?$char_traits@D@std@@V?$allocator@D@2@@std@@UFileData@CHpiHandler@@U?$less@V?$basic_string@DU?$char_traits@D@std@@V?$allocator@D@2@@std@@@2@V?$allocator@UFileData@CHpiHandler@@@2@@2@U?$less@V?$basic_string@DU?$char_traits@D@std@@V?$allocator@D@2@@std@@@2@V?$allocator@UFileData@CHpiHandler@@@2@@std@@_N@2@ABU?$pair@$$CBV?$basic_string@DU?$char_traits@D@std@@V?$allocator@D@2@@std@@UFileData@CHpiHandler@@@2@@Z 00421f20 f i HpiHandler.obj
 0001:00021180       ?erase@?$_Tree@V?$basic_string@DU?$char_traits@D@std@@V?$allocator@D@2@@std@@U?$pair@$$CBV?$basic_string@DU?$char_traits@D@std@@V?$allocator@D@2@@std@@UFileData@CHpiHandler@@@2@U_Kfn@?$map@V?$basic_string@DU?$char_traits@D@std@@V?$allocator@D@2@@std@@UFileData@CHpiHandler@@U?$less@V?$basic_string@DU?$char_traits@D@std@@V?$allocator@D@2@@std@@@2@V?$allocator@UFileData@CHpiHandler@@@2@@2@U?$less@V?$basic_string@DU?$char_traits@D@std@@V?$allocator@D@2@@std@@@2@V?$allocator@UFileData@CHpiHandler@@@2@@std@@QAE?AViterator@12@V312@@Z 00422180 f i HpiHandler.obj
 0001:000215b0       ?_Erase@?$_Tree@V?$basic_string@DU?$char_traits@D@std@@V?$allocator@D@2@@std@@U?$pair@$$CBV?$basic_string@DU?$char_traits@D@std@@V?$allocator@D@2@@std@@UFileData@CHpiHandler@@@2@U_Kfn@?$map@V?$basic_string@DU?$char_traits@D@std@@V?$allocator@D@2@@std@@UFileData@CHpiHandler@@U?$less@V?$basic_string@DU?$char_traits@D@std@@V?$allocator@D@2@@std@@@2@V?$allocator@UFileData@CHpiHandler@@@2@@2@U?$less@V?$basic_string@DU?$char_traits@D@std@@V?$allocator@D@2@@std@@@2@V?$allocator@UFileData@CHpiHandler@@@2@@std@@IAEXPAU_Node@12@@Z 004225b0 f i HpiHandler.obj
 0001:00021600       ?_Init@?$_Tree@V?$basic_string@DU?$char_traits@D@std@@V?$allocator@D@2@@std@@U?$pair@$$CBV?$basic_string@DU?$char_traits@D@std@@V?$allocator@D@2@@std@@UFileData@CHpiHandler@@@2@U_Kfn@?$map@V?$basic_string@DU?$char_traits@D@std@@V?$allocator@D@2@@std@@UFileData@CHpiHandler@@U?$less@V?$basic_string@DU?$char_traits@D@std@@V?$allocator@D@2@@std@@@2@V?$allocator@UFileData@CHpiHandler@@@2@@2@U?$less@V?$basic_string@DU?$char_traits@D@std@@V?$allocator@D@2@@std@@@2@V?$allocator@UFileData@CHpiHandler@@@2@@std@@IAEXXZ 00422600 f i HpiHandler.obj
 0001:00021680       ??0?$pair@Viterator@?$_Tree@V?$basic_string@DU?$char_traits@D@std@@V?$allocator@D@2@@std@@U?$pair@$$CBV?$basic_string@DU?$char_traits@D@std@@V?$allocator@D@2@@std@@UFileData@CHpiHandler@@@2@U_Kfn@?$map@V?$basic_string@DU?$char_traits@D@std@@V?$allocator@D@2@@std@@UFileData@CHpiHandler@@U?$less@V?$basic_string@DU?$char_traits@D@std@@V?$allocator@D@2@@std@@@2@V?$allocator@UFileData@CHpiHandler@@@2@@2@U?$less@V?$basic_string@DU?$char_traits@D@std@@V?$allocator@D@2@@std@@@2@V?$allocator@UFileData@CHpiHandler@@@2@@std@@_N@std@@QAE@ABViterator@?$_Tree@V?$basic_string@DU?$char_traits@D@std@@V?$allocator@D@2@@std@@U?$pair@$$CBV?$basic_string@DU?$char_traits@D@std@@V?$allocator@D@2@@std@@UFileData@CHpiHandler@@@2@U_Kfn@?$map@V?$basic_string@DU?$char_traits@D@std@@V?$allocator@D@2@@std@@UFileData@CHpiHandler@@U?$less@V?$basic_string@DU?$char_traits@D@std@@V?$allocator@D@2@@std@@@2@V?$allocator@UFileData@CHpiHandler@@@2@@2@U?$less@V?$basic_string@DU?$char_traits@D@std@@V?$allocator@D@2@@std@@@2@V?$allocator@UFileData@CHpiHandler@@@2@@1@AB_N@Z 00422680 f i HpiHandler.obj
[...]
 0001:0004724c       _$E15                      0044824c f   libcp:iostream.obj
 0001:00047259       _$E17                      00448259 f   libcp:iostream.obj
 0001:00047265       _$E16                      00448265 f   libcp:iostream.obj
 0001:0004726f       _$E23                      0044826f f   libcp:iostream.obj
 0001:00047279       _$E20                      00448279 f   libcp:iostream.obj
 0001:00047286       _$E22                      00448286 f   libcp:iostream.obj
 0001:00047292       _$E21                      00448292 f   libcp:iostream.obj
 0001:0004729c       _$E28                      0044829c f   libcp:iostream.obj
 0001:000472a6       _$E25                      004482a6 f   libcp:iostream.obj
 0001:000472b5       _$E27                      004482b5 f   libcp:iostream.obj
 0001:000472c1       _$E26                      004482c1 f   libcp:iostream.obj
 0001:000472e0       _$E33                      004482e0 f   libcp:iostream.obj
 0001:000472ea       _$E30                      004482ea f   libcp:iostream.obj
 0001:000472f9       _$E32                      004482f9 f   libcp:iostream.obj
 0001:00047305       _$E31                      00448305 f   libcp:iostream.obj
 0001:00047324       _$E38                      00448324 f   libcp:iostream.obj
 0001:0004732e       _$E35                      0044832e f   libcp:iostream.obj
 0001:0004733b       _$E37                      0044833b f   libcp:iostream.obj
 0001:00047347       _$E36                      00448347 f   libcp:iostream.obj
 0001:00047351       _$E43                      00448351 f   libcp:iostream.obj
 0001:0004735b       _$E40                      0044835b f   libcp:iostream.obj
 0001:0004736a       _$E42                      0044836a f   libcp:iostream.obj
 0001:00047376       _$E41                      00448376 f   libcp:iostream.obj
 0001:00047380       _$E48                      00448380 f   libcp:iostream.obj
 0001:0004738a       _$E45                      0044838a f   libcp:iostream.obj
 0001:00047399       _$E47                      00448399 f   libcp:iostream.obj
 0001:000473a5       _$E46                      004483a5 f   libcp:iostream.obj
 0001:0004767a       _$E60                      0044867a f   libcp:iostream.obj
 0001:000476a4       _$E56                      004486a4 f   libcp:iostream.obj
 0001:000476b0       _$E59                      004486b0 f   libcp:iostream.obj
 0001:000471ff       _$E24                      004481ff f   libcp:string.obj
 0001:00047229       _$E20                      00448229 f   libcp:string.obj
 0001:00047235       _$E23                      00448235 f   libcp:string.obj
 0001:00066d1d       _ctrlevent_capture@4       00467d1d f   LIBC:winsig.obj
 0001:00066e82       _siglookup                 00467e82 f   LIBC:winsig.obj
 0001:000661f6       _findenv                   004671f6 f   LIBC:setenv.obj
 0001:0006624e       _copy_environ              0046724e f   LIBC:setenv.obj
 0001:00065afe       _getSystemCP               00466afe f   LIBC:mbctype.obj
 0001:00065b48       _CPtoLCID                  00466b48 f   LIBC:mbctype.obj
 0001:00065b7b       _setSBCS                   00466b7b f   LIBC:mbctype.obj
 0001:00065ba4       _setSBUpLow                00466ba4 f   LIBC:mbctype.obj
 0001:00065934       _x_ismbbtype               00466934 f   LIBC:ismbbyte.obj
 0001:00064674       label0                     00465674 f   LIBC:adj_fdiv.obj
 0001:0006467a       label1                     0046567a f   LIBC:adj_fdiv.obj
 0001:0006467f       label2                     0046567f f   LIBC:adj_fdiv.obj
 0001:00064685       label3                     00465685 f   LIBC:adj_fdiv.obj
 0001:0006468a       label4                     0046568a f   LIBC:adj_fdiv.obj
 0001:00064690       label5                     00465690 f   LIBC:adj_fdiv.obj
 0001:00064696       label6                     00465696 f   LIBC:adj_fdiv.obj
 0001:0006469c       label7                     0046569c f   LIBC:adj_fdiv.obj
 0001:000646a2       label8                     004656a2 f   LIBC:adj_fdiv.obj
 0001:000646be       label9                     004656be f   LIBC:adj_fdiv.obj
 0001:000646c3       label10                    004656c3 f   LIBC:adj_fdiv.obj
 0001:000646d9       label11                    004656d9 f   LIBC:adj_fdiv.obj
 0001:000646de       label12                    004656de f   LIBC:adj_fdiv.obj
 0001:000646fa       label13                    004656fa f   LIBC:adj_fdiv.obj
 0001:0006470a       label14                    0046570a f   LIBC:adj_fdiv.obj
 0001:0006471e       label15                    0046571e f   LIBC:adj_fdiv.obj
 0001:0006472e       label16                    0046572e f   LIBC:adj_fdiv.obj
 0001:0006474e       label17                    0046574e f   LIBC:adj_fdiv.obj
 0001:00064753       label18                    00465753 f   LIBC:adj_fdiv.obj
 0001:0006476d       label19                    0046576d f   LIBC:adj_fdiv.obj
 0001:00064772       label20                    00465772 f   LIBC:adj_fdiv.obj
 0001:00064792       label21                    00465792 f   LIBC:adj_fdiv.obj
 0001:000647a6       label22                    004657a6 f   LIBC:adj_fdiv.obj
 0001:000647be       label23                    004657be f   LIBC:adj_fdiv.obj
 0001:000647d2       label24                    004657d2 f   LIBC:adj_fdiv.obj
 0001:000647f2       label25                    004657f2 f   LIBC:adj_fdiv.obj
 0001:000647f7       label26                    004657f7 f   LIBC:adj_fdiv.obj
 0001:00064811       label27                    00465811 f   LIBC:adj_fdiv.obj
 0001:00064816       label28                    00465816 f   LIBC:adj_fdiv.obj
 0001:00064836       label29                    00465836 f   LIBC:adj_fdiv.obj
 0001:0006484a       label30                    0046584a f   LIBC:adj_fdiv.obj
 0001:00064862       label31                    00465862 f   LIBC:adj_fdiv.obj
 0001:00064876       label32                    00465876 f   LIBC:adj_fdiv.obj
 0001:00064896       label33                    00465896 f   LIBC:adj_fdiv.obj
 0001:0006489b       label34                    0046589b f   LIBC:adj_fdiv.obj
 0001:000648b5       label35                    004658b5 f   LIBC:adj_fdiv.obj
 0001:000648ba       label36                    004658ba f   LIBC:adj_fdiv.obj
 0001:000648da       label37                    004658da f   LIBC:adj_fdiv.obj
 0001:000648ee       label38                    004658ee f   LIBC:adj_fdiv.obj
 0001:00064906       label39                    00465906 f   LIBC:adj_fdiv.obj
 0001:0006491a       label40                    0046591a f   LIBC:adj_fdiv.obj
 0001:0006493a       label41                    0046593a f   LIBC:adj_fdiv.obj
 0001:0006493f       label42                    0046593f f   LIBC:adj_fdiv.obj
 0001:00064959       label43                    00465959 f   LIBC:adj_fdiv.obj
 0001:0006495e       label44                    0046595e f   LIBC:adj_fdiv.obj
 0001:0006497e       label45                    0046597e f   LIBC:adj_fdiv.obj
 0001:00064992       label46                    00465992 f   LIBC:adj_fdiv.obj
 0001:000649aa       label47                    004659aa f   LIBC:adj_fdiv.obj
 0001:000649be       label48                    004659be f   LIBC:adj_fdiv.obj
 0001:000649de       label49                    004659de f   LIBC:adj_fdiv.obj
 0001:000649e3       label50                    004659e3 f   LIBC:adj_fdiv.obj
 0001:000649fd       label51                    004659fd f   LIBC:adj_fdiv.obj
 0001:00064a02       label52                    00465a02 f   LIBC:adj_fdiv.obj
 0001:00064a22       label53                    00465a22 f   LIBC:adj_fdiv.obj
 0001:00064a36       label54                    00465a36 f   LIBC:adj_fdiv.obj
 0001:00064a4e       label55                    00465a4e f   LIBC:adj_fdiv.obj
 0001:00064a62       label56                    00465a62 f   LIBC:adj_fdiv.obj
 0001:00064a82       label57                    00465a82 f   LIBC:adj_fdiv.obj
 0001:00064a87       label58                    00465a87 f   LIBC:adj_fdiv.obj
 0001:00064aa1       label59                    00465aa1 f   LIBC:adj_fdiv.obj
 0001:00064aa6       label60                    00465aa6 f   LIBC:adj_fdiv.obj
 0001:00064ac6       label61                    00465ac6 f   LIBC:adj_fdiv.obj
 0001:00064ada       label62                    00465ada f   LIBC:adj_fdiv.obj
 0001:00064af2       label63                    00465af2 f   LIBC:adj_fdiv.obj
 0001:000632dd       _cvtdate                   004642dd f   LIBC:tzset.obj
 0001:00062577       _TranslateName             00463577 f   LIBC:getqloc.obj
 0001:000625cf       _GetLcidFromLangCountry    004635cf f   LIBC:getqloc.obj
 0001:00062656       _LangCountryEnumProc@4     00463656 f   LIBC:getqloc.obj
 0001:0006285a       _GetLcidFromLanguage       0046385a f   LIBC:getqloc.obj
 0001:000628b0       _LanguageEnumProc@4        004638b0 f   LIBC:getqloc.obj
 0001:0006296d       _GetLcidFromCountry        0046396d f   LIBC:getqloc.obj
 0001:000629a4       _CountryEnumProc@4         004639a4 f   LIBC:getqloc.obj
 0001:00062a2a       _GetLcidFromDefault        00463a2a f   LIBC:getqloc.obj
 0001:00062a44       _ProcessCodePage           00463a44 f   LIBC:getqloc.obj
 0001:00062aaa       _TestDefaultCountry        00463aaa f   LIBC:getqloc.obj
 0001:00062ac9       _TestDefaultLanguage       00463ac9 f   LIBC:getqloc.obj
 0001:00062b2b       _IsThisWindowsNT           00463b2b f   LIBC:getqloc.obj
 0001:00062b61       _crtGetLocaleInfoA@16      00463b61 f   LIBC:getqloc.obj
 0001:00062c47       _LcidFromHexString         00463c47 f   LIBC:getqloc.obj
 0001:00062c80       _GetPrimaryLen             00463c80 f   LIBC:getqloc.obj
 0001:00061fc3       __get_lc_lconv             00462fc3 f   LIBC:initmon.obj
 0001:000620e5       _fix_grouping              004630e5 f   LIBC:initmon.obj
 0001:0006211c       __free_lc_lconv            0046311c f   LIBC:initmon.obj
 0001:00061ec1       _fix_grouping              00462ec1 f   LIBC:initnum.obj
 0001:0006180e       __get_lc_time              0046280e f   LIBC:inittime.obj
 0001:00061b5c       __free_lc_time             00462b5c f   LIBC:inittime.obj
 0001:00061230       _xtoa                      00462230 f   LIBC:xtoa.obj
 0001:00061302       _x64toa@20                 00462302 f   LIBC:xtoa.obj
 0001:000609c2       __hextodec                 004619c2 f   LIBC:input.obj
 0001:000609f9       __inc                      004619f9 f   LIBC:input.obj
 0001:00060a13       __un_inc                   00461a13 f   LIBC:input.obj
 0001:00060a2a       __whiteout                 00461a2a f   LIBC:input.obj
 0001:0005f8fb       _parse_cmdline             004608fb f   LIBC:stdargv.obj
 0001:0005f001       fFEXP                      00460001 f   LIBC:87tran.obj
 0001:0005f141       _rtforexpinf               00460141 f   LIBC:87tran.obj
 0001:0005ecbb       __get_fname                0045fcbb f   LIBC:fpexcept.obj
 0001:0005e48b       _write_char                0045f48b f   LIBC:output.obj
 0001:0005e4c0       _write_multi_char          0045f4c0 f   LIBC:output.obj
 0001:0005e4f1       _write_string              0045f4f1 f   LIBC:output.obj
 0001:0005e529       _get_int_arg               0045f529 f   LIBC:output.obj
 0001:0005e536       _get_int64_arg             0045f536 f   LIBC:output.obj
 0001:0005e546       _get_short_arg             0045f546 f   LIBC:output.obj
 0001:0005dd07       _xcptlookup                0045ed07 f   LIBC:winxfltr.obj
 0001:0005a963       ?FindHandler@@YAXPAUEHExceptionRecord@@PAUEHRegistrationNode@@PAU_CONTEXT@@PAXPBU_s_FuncInfo@@EH1@Z 0045b963 f   LIBC:frame.obj
 0001:0005ab0a       ?FindHandlerForForeignException@@YAXPAUEHExceptionRecord@@PAUEHRegistrationNode@@PAU_CONTEXT@@PAXPBU_s_FuncInfo@@HH1@Z 0045bb0a f   LIBC:frame.obj
 0001:0005abb2       ?TypeMatch@@YAHPBU_s_HandlerType@@PBU_s_CatchableType@@PBU_s_ThrowInfo@@@Z 0045bbb2 f   LIBC:frame.obj
 0001:0005acad       ?FrameUnwindFilter@@YAHPAU_EXCEPTION_POINTERS@@@Z 0045bcad f   LIBC:frame.obj
 0001:0005acc3       ?CatchIt@@YAXPAUEHExceptionRecord@@PAUEHRegistrationNode@@PAU_CONTEXT@@PAXPBU_s_FuncInfo@@PBU_s_HandlerType@@PBU_s_CatchableType@@PBU_s_TryBlockMapEntry@@H1E@Z 0045bcc3 f   LIBC:frame.obj
 0001:0005ad3e       ?CallCatchBlock@@YAPAXPAUEHExceptionRecord@@PAUEHRegistrationNode@@PAU_CONTEXT@@PBU_s_FuncInfo@@PAXHK@Z 0045bd3e f   LIBC:frame.obj
 0001:0005ae4a       ?ExFilterRethrow@@YAHPAU_EXCEPTION_POINTERS@@@Z 0045be4a f   LIBC:frame.obj
 0001:0005ae74       ?BuildCatchObject@@YAXPAUEHExceptionRecord@@PAUEHRegistrationNode@@PBU_s_HandlerType@@PBU_s_CatchableType@@@Z 0045be74 f   LIBC:frame.obj
 0001:0005b09f       ?AdjustPointer@@YAPAXPAXABUPMD@@@Z 0045c09f f   LIBC:frame.obj
 0001:0005a808       __cftoe_g                  0045b808 f   LIBC:cvt.obj
 0001:0005a82f       __cftof_g                  0045b82f f   LIBC:cvt.obj
 0001:0005a8a3       __shift                    0045b8a3 f   LIBC:cvt.obj
 0001:0005a364       _strncnt                   0045b364 f   LIBC:a_cmp.obj
 0001:00059893       __expandtime               0045a893 f   LIBC:strftime.obj
 0001:00059c82       __store_str                0045ac82 f   LIBC:strftime.obj
 0001:00059ca9       __store_num                0045aca9 f   LIBC:strftime.obj
 0001:00059d18       __store_number             0045ad18 f   LIBC:strftime.obj
 0001:00059d61       __store_winword            0045ad61 f   LIBC:strftime.obj
 0001:000593d2       _strncnt                   0045a3d2 f   LIBC:a_map.obj
 0001:00058f3c       _strtoxl                   00459f3c f   LIBC:strtol.obj
 0001:00058852       __setlocale_set_cat        00459852 f   LIBC:setlocal.obj
 0001:0005896d       __setlocale_get_all        0045996d f   LIBC:setlocal.obj
 0001:00057f90       LeadUp1                    00458f90 f   LIBC:memcpy.obj
 0001:00057fbc       LeadUp2                    00458fbc f   LIBC:memcpy.obj
 0001:00057fe0       LeadUp3                    00458fe0 f   LIBC:memcpy.obj
 0001:0005805f       UnwindUp0                  0045905f f   LIBC:memcpy.obj
 0001:0005804c       UnwindUp1                  0045904c f   LIBC:memcpy.obj
 0001:00058044       UnwindUp2                  00459044 f   LIBC:memcpy.obj
 0001:0005803c       UnwindUp3                  0045903c f   LIBC:memcpy.obj
 0001:00058034       UnwindUp4                  00459034 f   LIBC:memcpy.obj
 0001:0005802c       UnwindUp5                  0045902c f   LIBC:memcpy.obj
 0001:00058024       UnwindUp6                  00459024 f   LIBC:memcpy.obj
 0001:0005801c       UnwindUp7                  0045901c f   LIBC:memcpy.obj
 0001:00058078       TrailUp0                   00459078 f   LIBC:memcpy.obj
 0001:00058080       TrailUp1                   00459080 f   LIBC:memcpy.obj
 0001:0005808c       TrailUp2                   0045908c f   LIBC:memcpy.obj
 0001:000580a0       TrailUp3                   004590a0 f   LIBC:memcpy.obj
 0001:00058118       LeadDown1                  00459118 f   LIBC:memcpy.obj
 0001:00058138       LeadDown2                  00459138 f   LIBC:memcpy.obj
 0001:00058160       LeadDown3                  00459160 f   LIBC:memcpy.obj
 0001:000581b4       UnwindDown7                004591b4 f   LIBC:memcpy.obj
 0001:000581bc       UnwindDown6                004591bc f   LIBC:memcpy.obj
 0001:000581c4       UnwindDown5                004591c4 f   LIBC:memcpy.obj
 0001:000581cc       UnwindDown4                004591cc f   LIBC:memcpy.obj
 0001:000581d4       UnwindDown3                004591d4 f   LIBC:memcpy.obj
 0001:000581dc       UnwindDown2                004591dc f   LIBC:memcpy.obj
 0001:000581e4       UnwindDown1                004591e4 f   LIBC:memcpy.obj
 0001:000581f7       UnwindDown0                004591f7 f   LIBC:memcpy.obj
 0001:00058210       TrailDown0                 00459210 f   LIBC:memcpy.obj
 0001:00058218       TrailDown1                 00459218 f   LIBC:memcpy.obj
 0001:00058228       TrailDown2                 00459228 f   LIBC:memcpy.obj
 0001:0005823c       TrailDown3                 0045923c f   LIBC:memcpy.obj
 0001:00057dc8       _init_namebuf              00458dc8 f   LIBC:tmpfile.obj
 0001:00057e29       _genfname                  00458e29 f   LIBC:tmpfile.obj
 0001:00057aa7       _doexit                    00458aa7 f   LIBC:crt0dat.obj
 0001:00057b40       __initterm                 00458b40 f   LIBC:crt0dat.obj
 0001:00057848       _fast_error_exit           00458848 f   LIBC:wincrt0.obj
 0001:00057440       _shortsort                 00458440 f   LIBC:qsort.obj
 0001:0005748e       _swap                      0045848e f   LIBC:qsort.obj
 0001:0005699a       __abstract_cw              0045799a f   LIBC:ieee87.obj
 0001:00056a2c       __hw_cw                    00457a2c f   LIBC:ieee87.obj
 0001:00056ab5       __abstract_sw              00457ab5 f   LIBC:ieee87.obj
 0001:0005660d       _flsall                    0045760d f   LIBC:fflush.obj
 0001:00055d20       LeadUp1                    00456d20 f   LIBC:memmove.obj
 0001:00055d4c       LeadUp2                    00456d4c f   LIBC:memmove.obj
 0001:00055d70       LeadUp3                    00456d70 f   LIBC:memmove.obj
 0001:00055def       UnwindUp0                  00456def f   LIBC:memmove.obj
 0001:00055ddc       UnwindUp1                  00456ddc f   LIBC:memmove.obj
 0001:00055dd4       UnwindUp2                  00456dd4 f   LIBC:memmove.obj
 0001:00055dcc       UnwindUp3                  00456dcc f   LIBC:memmove.obj
 0001:00055dc4       UnwindUp4                  00456dc4 f   LIBC:memmove.obj
 0001:00055dbc       UnwindUp5                  00456dbc f   LIBC:memmove.obj
 0001:00055db4       UnwindUp6                  00456db4 f   LIBC:memmove.obj
 0001:00055dac       UnwindUp7                  00456dac f   LIBC:memmove.obj
 0001:00055e08       TrailUp0                   00456e08 f   LIBC:memmove.obj
 0001:00055e10       TrailUp1                   00456e10 f   LIBC:memmove.obj
 0001:00055e1c       TrailUp2                   00456e1c f   LIBC:memmove.obj
 0001:00055e30       TrailUp3                   00456e30 f   LIBC:memmove.obj
 0001:00055ea8       LeadDown1                  00456ea8 f   LIBC:memmove.obj
 0001:00055ec8       LeadDown2                  00456ec8 f   LIBC:memmove.obj
 0001:00055ef0       LeadDown3                  00456ef0 f   LIBC:memmove.obj
 0001:00055f44       UnwindDown7                00456f44 f   LIBC:memmove.obj
 0001:00055f4c       UnwindDown6                00456f4c f   LIBC:memmove.obj
 0001:00055f54       UnwindDown5                00456f54 f   LIBC:memmove.obj
 0001:00055f5c       UnwindDown4                00456f5c f   LIBC:memmove.obj
 0001:00055f64       UnwindDown3                00456f64 f   LIBC:memmove.obj
 0001:00055f6c       UnwindDown2                00456f6c f   LIBC:memmove.obj
 0001:00055f74       UnwindDown1                00456f74 f   LIBC:memmove.obj
 0001:00055f87       UnwindDown0                00456f87 f   LIBC:memmove.obj
 0001:00055fa0       TrailDown0                 00456fa0 f   LIBC:memmove.obj
 0001:00055fa8       TrailDown1                 00456fa8 f   LIBC:memmove.obj
 0001:00055fb8       TrailDown2                 00456fb8 f   LIBC:memmove.obj
 0001:00055fcc       TrailDown3                 00456fcc f   LIBC:memmove.obj
 0001:00055c14       ?ArrayUnwindFilter@@YAHPAU_EXCEPTION_POINTERS@@@Z 00456c14 f   LIBC:ehvecdtr.obj
 0001:00055a60       _gu_return                 00456a60 f   LIBC:exsup.obj
 0001:00055a68       __unwind_handler           00456a68 f   LIBC:exsup.obj
 0001:0005587d       ?CatchGuardHandler@@YA?AW4_EXCEPTION_DISPOSITION@@PAUEHExceptionRecord@@PAUCatchGuardRN@@PAX2@Z 0045687d f   LIBC:trnsctrl.obj
 0001:00055956       ?TranslatorGuardHandler@@YA?AW4_EXCEPTION_DISPOSITION@@PAUEHExceptionRecord@@PAUTranslatorGuardRN@@PAX2@Z 00456956 f   LIBC:trnsctrl.obj
